2026-04-25 16:18:53.497 [info] [main] Log level: Info
2026-04-25 16:18:53.497 [info] [main] Validating found git in: "git"
2026-04-25 16:18:54.350 [info] [main] Using git "2.34.1" from "git"
2026-04-25 16:18:54.350 [info] [Model][doInitialScan] Initial repository scan started
2026-04-25 16:18:54.959 [info] > git rev-parse --show-toplevel [588ms]
2026-04-25 16:18:55.111 [info] > git rev-parse --git-dir --git-common-dir --show-superproject-working-tree [133ms]
2026-04-25 16:18:55.128 [info] [Model][openRepository] Opened repository (path): /home/guan/code-server-me
2026-04-25 16:18:55.128 [info] [Model][openRepository] Opened repository (real path): /home/guan/code-server-me
2026-04-25 16:18:55.128 [info] [Model][openRepository] Opened repository (kind): repository
2026-04-25 16:18:55.145 [info] > git config --get commit.template [8ms]
2026-04-25 16:18:55.146 [info] > git rev-parse --show-toplevel [2ms]
2026-04-25 16:18:55.168 [info] > git rev-parse --show-toplevel [8ms]
2026-04-25 16:18:55.178 [info] > git rev-parse --show-toplevel [2ms]
2026-04-25 16:18:55.188 [info] > git rev-parse --show-toplevel [2ms]
2026-04-25 16:18:55.198 [info] > git rev-parse --show-toplevel [1ms]
2026-04-25 16:18:55.207 [info] > git rev-parse --show-toplevel [2ms]
2026-04-25 16:18:55.215 [info] > git rev-parse --show-toplevel [1ms]
2026-04-25 16:18:55.224 [info] > git rev-parse --show-toplevel [1ms]
2026-04-25 16:18:55.233 [info] > git rev-parse --show-toplevel [2ms]
2026-04-25 16:18:55.242 [info] > git rev-parse --show-toplevel [1ms]
2026-04-25 16:18:55.250 [info] > git rev-parse --show-toplevel [1ms]
2026-04-25 16:18:55.257 [info] > git rev-parse --show-toplevel [1ms]
2026-04-25 16:18:55.265 [info] > git rev-parse --show-toplevel [1ms]
2026-04-25 16:18:55.272 [info] > git rev-parse --show-toplevel [1ms]
2026-04-25 16:18:55.279 [info] > git rev-parse --show-toplevel [1ms]
2026-04-25 16:18:55.288 [info] > git rev-parse --show-toplevel [2ms]
2026-04-25 16:18:55.297 [info] > git rev-parse --show-toplevel [2ms]
2026-04-25 16:18:55.305 [info] > git rev-parse --show-toplevel [1ms]
2026-04-25 16:18:55.313 [info] > git rev-parse --show-toplevel [1ms]
2026-04-25 16:18:55.320 [info] > git rev-parse --show-toplevel [1ms]
2026-04-25 16:18:55.322 [info] [Model][doInitialScan] Initial repository scan completed - repositories (1), closed repositories (0), parent repositories (0), unsafe repositories (0)
2026-04-25 16:18:55.447 [info] > git for-each-ref --format %(refname)%00%(objectname)%00%(*objectname) refs/tags [294ms]
2026-04-25 16:18:55.564 [info] > git for-each-ref --sort -committerdate --format %(refname)%00%(objectname)%00%(*objectname) [103ms]
2026-04-25 16:18:55.697 [info] > git check-ignore -v -z --stdin [2ms]
2026-04-25 16:18:56.832 [info] > git status -z -uall [1377ms]
2026-04-25 16:18:56.899 [info] > git config --get commit.template [5ms]
2026-04-25 16:18:56.910 [info] > git for-each-ref --format %(refname)%00%(objectname)%00%(*objectname) refs/tags [5ms]
2026-04-25 16:18:56.933 [info] > git for-each-ref --sort -committerdate --format %(refname)%00%(objectname)%00%(*objectname) [8ms]
2026-04-25 16:18:57.144 [info] > git status -z -uall [227ms]
2026-04-25 16:18:57.659 [info] > git rev-parse --show-toplevel [1ms]
2026-04-25 16:18:57.906 [info] > git rev-parse --git-dir --git-common-dir --show-superproject-working-tree [241ms]
2026-04-25 16:18:57.914 [info] [Model][openRepository] Opened repository (path): /home/guan/code-server-me/lib/vscode
2026-04-25 16:18:57.914 [info] [Model][openRepository] Opened repository (real path): /home/guan/code-server-me/lib/vscode
2026-04-25 16:18:57.914 [info] [Model][openRepository] Opened repository (kind): submodule
2026-04-25 16:18:57.930 [info] > git config --get commit.template [8ms]
2026-04-25 16:18:58.445 [info] > git check-ignore -v -z --stdin [2ms]
2026-04-25 16:19:21.485 [info] > git for-each-ref --format %(refname)%00%(objectname)%00%(*objectname) refs/tags [23556ms]
2026-04-25 16:19:21.552 [info] > git status -z -uall [60ms]
2026-04-25 16:19:24.264 [info] > git for-each-ref --sort -committerdate --format %(refname)%00%(objectname)%00%(*objectname) [2763ms]
2026-04-25 16:19:24.330 [info] > git config --get commit.template [1ms]
2026-04-25 16:19:24.348 [info] > git for-each-ref --format %(refname)%00%(objectname)%00%(*objectname) refs/tags [12ms]
2026-04-25 16:19:24.429 [info] > git status -z -uall [74ms]
2026-04-25 16:19:24.452 [info] > git for-each-ref --sort -committerdate --format %(refname)%00%(objectname)%00%(*objectname) [89ms]
2026-04-25 16:19:24.963 [info] > git rev-parse --show-toplevel [1ms]
2026-04-25 16:19:24.963 [info] fatal: this operation must be run in a work tree
2026-04-25 16:19:27.162 [info] > git config --get commit.template [11ms]
2026-04-25 16:19:27.167 [info] > git for-each-ref --format %(refname)%00%(objectname)%00%(*objectname) refs/tags [5ms]
2026-04-25 16:19:27.191 [info] > git for-each-ref --sort -committerdate --format %(refname)%00%(objectname)%00%(*objectname) [7ms]
2026-04-25 16:19:27.241 [info] > git status -z -uall [66ms]
2026-04-25 16:19:32.282 [info] > git config --get commit.template [9ms]
2026-04-25 16:19:32.286 [info] > git for-each-ref --format %(refname)%00%(objectname)%00%(*objectname) refs/tags [5ms]
2026-04-25 16:19:32.311 [info] > git for-each-ref --sort -committerdate --format %(refname)%00%(objectname)%00%(*objectname) [8ms]
2026-04-25 16:19:32.486 [info] > git status -z -uall [192ms]
2026-04-25 16:19:37.520 [info] > git config --get commit.template [8ms]
2026-04-25 16:19:37.524 [info] > git for-each-ref --format %(refname)%00%(objectname)%00%(*objectname) refs/tags [5ms]
2026-04-25 16:19:37.544 [info] > git for-each-ref --sort -committerdate --format %(refname)%00%(objectname)%00%(*objectname) [8ms]
2026-04-25 16:19:37.596 [info] > git status -z -uall [66ms]
2026-04-25 16:19:46.760 [info] > git config --get commit.template [15ms]
2026-04-25 16:19:46.770 [info] > git for-each-ref --format %(refname)%00%(objectname)%00%(*objectname) refs/tags [12ms]
2026-04-25 16:19:46.804 [info] > git for-each-ref --sort -committerdate --format %(refname)%00%(objectname)%00%(*objectname) [12ms]
2026-04-25 16:19:46.862 [info] > git status -z -uall [81ms]
2026-04-25 16:19:51.920 [info] > git config --get commit.template [8ms]
2026-04-25 16:19:51.924 [info] > git for-each-ref --format %(refname)%00%(objectname)%00%(*objectname) refs/tags [5ms]
2026-04-25 16:19:51.947 [info] > git for-each-ref --sort -committerdate --format %(refname)%00%(objectname)%00%(*objectname) [9ms]
2026-04-25 16:19:52.009 [info] > git status -z -uall [77ms]
2026-04-25 16:20:01.402 [info] > git config --get commit.template [16ms]
2026-04-25 16:20:01.405 [info] > git for-each-ref --format %(refname)%00%(objectname)%00%(*objectname) refs/tags [5ms]
2026-04-25 16:20:01.434 [info] > git for-each-ref --sort -committerdate --format %(refname)%00%(objectname)%00%(*objectname) [10ms]
2026-04-25 16:20:01.486 [info] > git status -z -uall [72ms]
2026-04-25 16:20:11.122 [info] > git config --get commit.template [14ms]
2026-04-25 16:20:11.127 [info] > git for-each-ref --format %(refname)%00%(objectname)%00%(*objectname) refs/tags [7ms]
2026-04-25 16:20:11.156 [info] > git for-each-ref --sort -committerdate --format %(refname)%00%(objectname)%00%(*objectname) [10ms]
2026-04-25 16:20:11.207 [info] > git status -z -uall [68ms]
2026-04-25 16:20:15.513 [info] > git config --get commit.template [7ms]
2026-04-25 16:20:15.517 [info] > git for-each-ref --format %(refname)%00%(objectname)%00%(*objectname) refs/tags [4ms]
2026-04-25 16:20:15.537 [info] > git for-each-ref --sort -committerdate --format %(refname)%00%(objectname)%00%(*objectname) [7ms]
2026-04-25 16:20:15.587 [info] > git status -z -uall [64ms]
2026-04-25 16:20:20.642 [info] > git config --get commit.template [10ms]
2026-04-25 16:20:20.646 [info] > git for-each-ref --format %(refname)%00%(objectname)%00%(*objectname) refs/tags [5ms]
2026-04-25 16:20:20.667 [info] > git for-each-ref --sort -committerdate --format %(refname)%00%(objectname)%00%(*objectname) [8ms]
2026-04-25 16:20:20.721 [info] > git status -z -uall [68ms]
2026-04-25 16:20:25.759 [info] > git config --get commit.template [8ms]
2026-04-25 16:20:25.763 [info] > git for-each-ref --format %(refname)%00%(objectname)%00%(*objectname) refs/tags [4ms]
2026-04-25 16:20:25.782 [info] > git for-each-ref --sort -committerdate --format %(refname)%00%(objectname)%00%(*objectname) [7ms]
2026-04-25 16:20:25.835 [info] > git status -z -uall [66ms]
2026-04-25 16:20:30.874 [info] > git config --get commit.template [9ms]
2026-04-25 16:20:30.877 [info] > git for-each-ref --format %(refname)%00%(objectname)%00%(*objectname) refs/tags [6ms]
2026-04-25 16:20:30.898 [info] > git for-each-ref --sort -committerdate --format %(refname)%00%(objectname)%00%(*objectname) [7ms]
2026-04-25 16:20:30.964 [info] > git status -z -uall [81ms]
2026-04-25 16:20:36.007 [info] > git config --get commit.template [12ms]
2026-04-25 16:20:36.012 [info] > git for-each-ref --format %(refname)%00%(objectname)%00%(*objectname) refs/tags [6ms]
2026-04-25 16:20:36.033 [info] > git for-each-ref --sort -committerdate --format %(refname)%00%(objectname)%00%(*objectname) [7ms]
2026-04-25 16:20:36.084 [info] > git status -z -uall [65ms]
2026-04-25 16:20:41.125 [info] > git config --get commit.template [7ms]
2026-04-25 16:20:41.129 [info] > git for-each-ref --format %(refname)%00%(objectname)%00%(*objectname) refs/tags [5ms]
2026-04-25 16:20:41.149 [info] > git for-each-ref --sort -committerdate --format %(refname)%00%(objectname)%00%(*objectname) [7ms]
2026-04-25 16:20:41.199 [info] > git status -z -uall [62ms]
2026-04-25 16:20:45.498 [info] > git config --get commit.template [7ms]
2026-04-25 16:20:45.501 [info] > git for-each-ref --format %(refname)%00%(objectname)%00%(*objectname) refs/tags [4ms]
2026-04-25 16:20:45.520 [info] > git for-each-ref --sort -committerdate --format %(refname)%00%(objectname)%00%(*objectname) [6ms]
2026-04-25 16:20:45.570 [info] > git status -z -uall [62ms]
2026-04-25 16:20:50.596 [info] > git config --get commit.template [3ms]
2026-04-25 16:20:50.609 [info] > git for-each-ref --format %(refname)%00%(objectname)%00%(*objectname) refs/tags [6ms]
2026-04-25 16:20:50.631 [info] > git for-each-ref --sort -committerdate --format %(refname)%00%(objectname)%00%(*objectname) [8ms]
2026-04-25 16:20:50.690 [info] > git status -z -uall [74ms]
2026-04-25 16:20:55.743 [info] > git config --get commit.template [7ms]
2026-04-25 16:20:55.747 [info] > git for-each-ref --format %(refname)%00%(objectname)%00%(*objectname) refs/tags [4ms]
2026-04-25 16:20:55.767 [info] > git for-each-ref --sort -committerdate --format %(refname)%00%(objectname)%00%(*objectname) [7ms]
2026-04-25 16:20:55.818 [info] > git status -z -uall [65ms]
2026-04-25 16:21:00.858 [info] > git config --get commit.template [10ms]
2026-04-25 16:21:00.864 [info] > git for-each-ref --format %(refname)%00%(objectname)%00%(*objectname) refs/tags [7ms]
2026-04-25 16:21:00.890 [info] > git for-each-ref --sort -committerdate --format %(refname)%00%(objectname)%00%(*objectname) [9ms]
2026-04-25 16:21:00.941 [info] > git status -z -uall [68ms]
2026-04-25 16:21:05.977 [info] > git config --get commit.template [7ms]
2026-04-25 16:21:05.981 [info] > git for-each-ref --format %(refname)%00%(objectname)%00%(*objectname) refs/tags [4ms]
2026-04-25 16:21:06.002 [info] > git for-each-ref --sort -committerdate --format %(refname)%00%(objectname)%00%(*objectname) [8ms]
2026-04-25 16:21:06.051 [info] > git status -z -uall [63ms]
2026-04-25 16:21:11.104 [info] > git config --get commit.template [9ms]
2026-04-25 16:21:11.108 [info] > git for-each-ref --format %(refname)%00%(objectname)%00%(*objectname) refs/tags [5ms]
2026-04-25 16:21:11.127 [info] > git for-each-ref --sort -committerdate --format %(refname)%00%(objectname)%00%(*objectname) [6ms]
2026-04-25 16:21:11.179 [info] > git status -z -uall [65ms]
2026-04-25 16:21:31.501 [info] > git config --get commit.template [14ms]
2026-04-25 16:21:31.508 [info] > git for-each-ref --format %(refname)%00%(objectname)%00%(*objectname) refs/tags [8ms]
2026-04-25 16:21:31.536 [info] > git for-each-ref --sort -committerdate --format %(refname)%00%(objectname)%00%(*objectname) [10ms]
2026-04-25 16:21:31.587 [info] > git status -z -uall [71ms]
2026-04-25 16:23:29.340 [info] > git config --get commit.template [16ms]
2026-04-25 16:23:29.350 [info] > git for-each-ref --format %(refname)%00%(objectname)%00%(*objectname) refs/tags [11ms]
2026-04-25 16:23:29.382 [info] > git for-each-ref --sort -committerdate --format %(refname)%00%(objectname)%00%(*objectname) [10ms]
2026-04-25 16:23:29.440 [info] > git status -z -uall [79ms]
2026-04-25 16:23:51.284 [info] > git config --get commit.template [12ms]
2026-04-25 16:23:51.288 [info] > git for-each-ref --format %(refname)%00%(objectname)%00%(*objectname) refs/tags [5ms]
2026-04-25 16:23:51.315 [info] > git for-each-ref --sort -committerdate --format %(refname)%00%(objectname)%00%(*objectname) [10ms]
2026-04-25 16:23:51.367 [info] > git status -z -uall [70ms]
2026-04-25 16:23:55.718 [info] > git config --get commit.template [11ms]
2026-04-25 16:23:55.721 [info] > git for-each-ref --format %(refname)%00%(objectname)%00%(*objectname) refs/tags [4ms]
2026-04-25 16:23:55.742 [info] > git for-each-ref --sort -committerdate --format %(refname)%00%(objectname)%00%(*objectname) [7ms]
2026-04-25 16:23:55.808 [info] > git status -z -uall [81ms]
2026-04-25 16:24:47.415 [info] > git config --get commit.template [13ms]
2026-04-25 16:24:47.423 [info] > git for-each-ref --format %(refname)%00%(objectname)%00%(*objectname) refs/tags [8ms]
2026-04-25 16:24:47.451 [info] > git for-each-ref --sort -committerdate --format %(refname)%00%(objectname)%00%(*objectname) [6ms]
2026-04-25 16:24:47.504 [info] > git status -z -uall [74ms]
2026-04-25 16:24:52.559 [info] > git config --get commit.template [12ms]
2026-04-25 16:24:52.565 [info] > git for-each-ref --format %(refname)%00%(objectname)%00%(*objectname) refs/tags [7ms]
2026-04-25 16:24:52.590 [info] > git for-each-ref --sort -committerdate --format %(refname)%00%(objectname)%00%(*objectname) [9ms]
2026-04-25 16:24:52.644 [info] > git status -z -uall [71ms]
2026-04-25 16:24:56.927 [info] > git config --get commit.template [2ms]
2026-04-25 16:24:56.938 [info] > git for-each-ref --format %(refname)%00%(objectname)%00%(*objectname) refs/tags [4ms]
2026-04-25 16:24:56.958 [info] > git for-each-ref --sort -committerdate --format %(refname)%00%(objectname)%00%(*objectname) [6ms]
2026-04-25 16:24:57.010 [info] > git status -z -uall [65ms]
2026-04-25 16:25:02.046 [info] > git config --get commit.template [8ms]
2026-04-25 16:25:02.050 [info] > git for-each-ref --format %(refname)%00%(objectname)%00%(*objectname) refs/tags [5ms]
2026-04-25 16:25:02.069 [info] > git for-each-ref --sort -committerdate --format %(refname)%00%(objectname)%00%(*objectname) [6ms]
2026-04-25 16:25:02.119 [info] > git status -z -uall [63ms]
2026-04-25 16:25:07.154 [info] > git config --get commit.template [7ms]
2026-04-25 16:25:07.158 [info] > git for-each-ref --format %(refname)%00%(objectname)%00%(*objectname) refs/tags [4ms]
2026-04-25 16:25:07.179 [info] > git for-each-ref --sort -committerdate --format %(refname)%00%(objectname)%00%(*objectname) [8ms]
2026-04-25 16:25:07.228 [info] > git status -z -uall [64ms]
2026-04-25 16:25:12.259 [info] > git config --get commit.template [8ms]
2026-04-25 16:25:12.263 [info] > git for-each-ref --format %(refname)%00%(objectname)%00%(*objectname) refs/tags [5ms]
2026-04-25 16:25:12.283 [info] > git for-each-ref --sort -committerdate --format %(refname)%00%(objectname)%00%(*objectname) [8ms]
2026-04-25 16:25:12.336 [info] > git status -z -uall [67ms]
2026-04-25 16:25:17.371 [info] > git config --get commit.template [8ms]
2026-04-25 16:25:17.375 [info] > git for-each-ref --format %(refname)%00%(objectname)%00%(*objectname) refs/tags [5ms]
2026-04-25 16:25:17.395 [info] > git for-each-ref --sort -committerdate --format %(refname)%00%(objectname)%00%(*objectname) [7ms]
2026-04-25 16:25:17.445 [info] > git status -z -uall [63ms]
2026-04-25 16:25:22.482 [info] > git config --get commit.template [9ms]
2026-04-25 16:25:22.486 [info] > git for-each-ref --format %(refname)%00%(objectname)%00%(*objectname) refs/tags [5ms]
2026-04-25 16:25:22.505 [info] > git for-each-ref --sort -committerdate --format %(refname)%00%(objectname)%00%(*objectname) [6ms]
2026-04-25 16:25:22.555 [info] > git status -z -uall [63ms]
2026-04-25 16:25:27.590 [info] > git config --get commit.template [8ms]
2026-04-25 16:25:27.594 [info] > git for-each-ref --format %(refname)%00%(objectname)%00%(*objectname) refs/tags [5ms]
2026-04-25 16:25:27.613 [info] > git for-each-ref --sort -committerdate --format %(refname)%00%(objectname)%00%(*objectname) [6ms]
2026-04-25 16:25:27.667 [info] > git status -z -uall [67ms]
2026-04-25 16:25:32.006 [info] > git config --get commit.template [12ms]
2026-04-25 16:25:32.011 [info] > git for-each-ref --format %(refname)%00%(objectname)%00%(*objectname) refs/tags [7ms]
2026-04-25 16:25:32.033 [info] > git for-each-ref --sort -committerdate --format %(refname)%00%(objectname)%00%(*objectname) [7ms]
2026-04-25 16:25:32.085 [info] > git status -z -uall [67ms]
2026-04-25 16:25:37.122 [info] > git config --get commit.template [8ms]
2026-04-25 16:25:37.126 [info] > git for-each-ref --format %(refname)%00%(objectname)%00%(*objectname) refs/tags [5ms]
2026-04-25 16:25:37.145 [info] > git for-each-ref --sort -committerdate --format %(refname)%00%(objectname)%00%(*objectname) [6ms]
2026-04-25 16:25:37.196 [info] > git status -z -uall [64ms]
2026-04-25 16:25:42.227 [info] > git config --get commit.template [7ms]
2026-04-25 16:25:42.231 [info] > git for-each-ref --format %(refname)%00%(objectname)%00%(*objectname) refs/tags [4ms]
2026-04-25 16:25:42.251 [info] > git for-each-ref --sort -committerdate --format %(refname)%00%(objectname)%00%(*objectname) [7ms]
2026-04-25 16:25:42.302 [info] > git status -z -uall [64ms]
2026-04-25 16:25:47.346 [info] > git config --get commit.template [8ms]
2026-04-25 16:25:47.350 [info] > git for-each-ref --format %(refname)%00%(objectname)%00%(*objectname) refs/tags [4ms]
2026-04-25 16:25:47.369 [info] > git for-each-ref --sort -committerdate --format %(refname)%00%(objectname)%00%(*objectname) [7ms]
2026-04-25 16:25:47.420 [info] > git status -z -uall [64ms]
2026-04-25 16:25:52.456 [info] > git config --get commit.template [8ms]
2026-04-25 16:25:52.460 [info] > git for-each-ref --format %(refname)%00%(objectname)%00%(*objectname) refs/tags [5ms]
2026-04-25 16:25:52.479 [info] > git for-each-ref --sort -committerdate --format %(refname)%00%(objectname)%00%(*objectname) [7ms]
2026-04-25 16:25:52.530 [info] > git status -z -uall [64ms]
2026-04-25 16:25:57.579 [info] > git config --get commit.template [8ms]
2026-04-25 16:25:57.583 [info] > git for-each-ref --format %(refname)%00%(objectname)%00%(*objectname) refs/tags [4ms]
2026-04-25 16:25:57.604 [info] > git for-each-ref --sort -committerdate --format %(refname)%00%(objectname)%00%(*objectname) [7ms]
2026-04-25 16:25:57.655 [info] > git status -z -uall [66ms]
2026-04-25 16:26:01.965 [info] > git config --get commit.template [6ms]
2026-04-25 16:26:01.968 [info] > git for-each-ref --format %(refname)%00%(objectname)%00%(*objectname) refs/tags [4ms]
2026-04-25 16:26:01.987 [info] > git for-each-ref --sort -committerdate --format %(refname)%00%(objectname)%00%(*objectname) [6ms]
2026-04-25 16:26:02.036 [info] > git status -z -uall [62ms]
2026-04-25 16:26:07.068 [info] > git config --get commit.template [7ms]
2026-04-25 16:26:07.072 [info] > git for-each-ref --format %(refname)%00%(objectname)%00%(*objectname) refs/tags [4ms]
2026-04-25 16:26:07.091 [info] > git for-each-ref --sort -committerdate --format %(refname)%00%(objectname)%00%(*objectname) [6ms]
2026-04-25 16:26:07.142 [info] > git status -z -uall [64ms]
2026-04-25 16:26:30.631 [info] > git config --get commit.template [13ms]
2026-04-25 16:26:30.635 [info] > git for-each-ref --format %(refname)%00%(objectname)%00%(*objectname) refs/tags [5ms]
2026-04-25 16:26:30.669 [info] > git for-each-ref --sort -committerdate --format %(refname)%00%(objectname)%00%(*objectname) [7ms]
2026-04-25 16:26:30.733 [info] > git status -z -uall [89ms]
2026-04-25 16:26:35.078 [info] > git config --get commit.template [8ms]
2026-04-25 16:26:35.082 [info] > git for-each-ref --format %(refname)%00%(objectname)%00%(*objectname) refs/tags [5ms]
2026-04-25 16:26:35.101 [info] > git for-each-ref --sort -committerdate --format %(refname)%00%(objectname)%00%(*objectname) [6ms]
2026-04-25 16:26:35.151 [info] > git status -z -uall [63ms]
2026-04-25 16:28:17.645 [info] > git config --get commit.template [10ms]
2026-04-25 16:28:17.652 [info] > git for-each-ref --format %(refname)%00%(objectname)%00%(*objectname) refs/tags [8ms]
2026-04-25 16:28:17.679 [info] > git for-each-ref --sort -committerdate --format %(refname)%00%(objectname)%00%(*objectname) [9ms]
2026-04-25 16:28:17.739 [info] > git status -z -uall [78ms]
2026-04-25 16:28:20.665 [info] > git check-ignore -v -z --stdin [5ms]
2026-04-25 16:28:22.771 [info] > git config --get commit.template [2ms]
2026-04-25 16:28:22.784 [info] > git for-each-ref --format %(refname)%00%(objectname)%00%(*objectname) refs/tags [5ms]
2026-04-25 16:28:22.806 [info] > git for-each-ref --sort -committerdate --format %(refname)%00%(objectname)%00%(*objectname) [8ms]
2026-04-25 16:28:22.857 [info] > git status -z -uall [65ms]
2026-04-25 16:28:27.897 [info] > git config --get commit.template [9ms]
2026-04-25 16:28:27.900 [info] > git for-each-ref --format %(refname)%00%(objectname)%00%(*objectname) refs/tags [4ms]
2026-04-25 16:28:27.920 [info] > git for-each-ref --sort -committerdate --format %(refname)%00%(objectname)%00%(*objectname) [7ms]
2026-04-25 16:28:27.972 [info] > git status -z -uall [65ms]
2026-04-25 16:28:33.008 [info] > git config --get commit.template [9ms]
2026-04-25 16:28:33.013 [info] > git for-each-ref --format %(refname)%00%(objectname)%00%(*objectname) refs/tags [6ms]
2026-04-25 16:28:33.038 [info] > git for-each-ref --sort -committerdate --format %(refname)%00%(objectname)%00%(*objectname) [8ms]
2026-04-25 16:28:33.092 [info] > git status -z -uall [71ms]
2026-04-25 16:28:38.160 [info] > git config --get commit.template [14ms]
2026-04-25 16:28:38.165 [info] > git for-each-ref --format %(refname)%00%(objectname)%00%(*objectname) refs/tags [6ms]
2026-04-25 16:28:38.188 [info] > git for-each-ref --sort -committerdate --format %(refname)%00%(objectname)%00%(*objectname) [9ms]
2026-04-25 16:28:38.240 [info] > git status -z -uall [67ms]
2026-04-25 16:28:42.583 [info] > git config --get commit.template [7ms]
2026-04-25 16:28:42.587 [info] > git for-each-ref --format %(refname)%00%(objectname)%00%(*objectname) refs/tags [4ms]
2026-04-25 16:28:42.607 [info] > git for-each-ref --sort -committerdate --format %(refname)%00%(objectname)%00%(*objectname) [6ms]
2026-04-25 16:28:42.658 [info] > git status -z -uall [65ms]
2026-04-25 16:28:47.713 [info] > git config --get commit.template [18ms]
2026-04-25 16:28:47.722 [info] > git for-each-ref --format %(refname)%00%(objectname)%00%(*objectname) refs/tags [11ms]
2026-04-25 16:28:47.749 [info] > git for-each-ref --sort -committerdate --format %(refname)%00%(objectname)%00%(*objectname) [8ms]
2026-04-25 16:28:47.799 [info] > git status -z -uall [67ms]
2026-04-25 16:28:52.833 [info] > git config --get commit.template [7ms]
2026-04-25 16:28:52.837 [info] > git for-each-ref --format %(refname)%00%(objectname)%00%(*objectname) refs/tags [4ms]
2026-04-25 16:28:52.857 [info] > git for-each-ref --sort -committerdate --format %(refname)%00%(objectname)%00%(*objectname) [7ms]
2026-04-25 16:28:52.907 [info] > git status -z -uall [63ms]
2026-04-25 16:28:57.952 [info] > git config --get commit.template [12ms]
2026-04-25 16:28:57.958 [info] > git for-each-ref --format %(refname)%00%(objectname)%00%(*objectname) refs/tags [7ms]
2026-04-25 16:28:57.982 [info] > git for-each-ref --sort -committerdate --format %(refname)%00%(objectname)%00%(*objectname) [7ms]
2026-04-25 16:28:58.033 [info] > git status -z -uall [66ms]
2026-04-25 16:29:03.069 [info] > git config --get commit.template [7ms]
2026-04-25 16:29:03.073 [info] > git for-each-ref --format %(refname)%00%(objectname)%00%(*objectname) refs/tags [5ms]
2026-04-25 16:29:03.093 [info] > git for-each-ref --sort -committerdate --format %(refname)%00%(objectname)%00%(*objectname) [7ms]
2026-04-25 16:29:03.144 [info] > git status -z -uall [65ms]
2026-04-25 16:29:08.190 [info] > git config --get commit.template [16ms]
2026-04-25 16:29:08.196 [info] > git for-each-ref --format %(refname)%00%(objectname)%00%(*objectname) refs/tags [8ms]
2026-04-25 16:29:08.220 [info] > git for-each-ref --sort -committerdate --format %(refname)%00%(objectname)%00%(*objectname) [8ms]
2026-04-25 16:29:08.275 [info] > git status -z -uall [71ms]
2026-04-25 16:29:12.606 [info] > git config --get commit.template [7ms]
2026-04-25 16:29:12.610 [info] > git for-each-ref --format %(refname)%00%(objectname)%00%(*objectname) refs/tags [4ms]
2026-04-25 16:29:12.630 [info] > git for-each-ref --sort -committerdate --format %(refname)%00%(objectname)%00%(*objectname) [7ms]
2026-04-25 16:29:12.683 [info] > git status -z -uall [67ms]
2026-04-25 16:29:17.726 [info] > git config --get commit.template [8ms]
2026-04-25 16:29:17.729 [info] > git for-each-ref --format %(refname)%00%(objectname)%00%(*objectname) refs/tags [4ms]
2026-04-25 16:29:17.749 [info] > git for-each-ref --sort -committerdate --format %(refname)%00%(objectname)%00%(*objectname) [7ms]
2026-04-25 16:29:17.799 [info] > git status -z -uall [63ms]
2026-04-25 16:29:22.830 [info] > git config --get commit.template [8ms]
2026-04-25 16:29:22.834 [info] > git for-each-ref --format %(refname)%00%(objectname)%00%(*objectname) refs/tags [5ms]
2026-04-25 16:29:22.854 [info] > git for-each-ref --sort -committerdate --format %(refname)%00%(objectname)%00%(*objectname) [7ms]
2026-04-25 16:29:22.905 [info] > git status -z -uall [64ms]
2026-04-25 16:29:27.945 [info] > git config --get commit.template [10ms]
2026-04-25 16:29:27.951 [info] > git for-each-ref --format %(refname)%00%(objectname)%00%(*objectname) refs/tags [7ms]
2026-04-25 16:29:27.975 [info] > git for-each-ref --sort -committerdate --format %(refname)%00%(objectname)%00%(*objectname) [8ms]
2026-04-25 16:29:28.025 [info] > git status -z -uall [66ms]
2026-04-25 16:29:33.059 [info] > git config --get commit.template [8ms]
2026-04-25 16:29:33.063 [info] > git for-each-ref --format %(refname)%00%(objectname)%00%(*objectname) refs/tags [5ms]
2026-04-25 16:29:33.082 [info] > git for-each-ref --sort -committerdate --format %(refname)%00%(objectname)%00%(*objectname) [7ms]
2026-04-25 16:29:33.138 [info] > git status -z -uall [69ms]
2026-04-25 16:29:38.183 [info] > git config --get commit.template [13ms]
2026-04-25 16:29:38.188 [info] > git for-each-ref --format %(refname)%00%(objectname)%00%(*objectname) refs/tags [7ms]
2026-04-25 16:29:38.209 [info] > git for-each-ref --sort -committerdate --format %(refname)%00%(objectname)%00%(*objectname) [7ms]
2026-04-25 16:29:38.260 [info] > git status -z -uall [64ms]
2026-04-25 16:29:42.640 [info] > git config --get commit.template [18ms]
2026-04-25 16:29:42.648 [info] > git for-each-ref --format %(refname)%00%(objectname)%00%(*objectname) refs/tags [10ms]
2026-04-25 16:29:42.671 [info] > git for-each-ref --sort -committerdate --format %(refname)%00%(objectname)%00%(*objectname) [7ms]
2026-04-25 16:29:42.721 [info] > git status -z -uall [64ms]
2026-04-25 16:29:47.775 [info] > git config --get commit.template [16ms]
2026-04-25 16:29:47.782 [info] > git for-each-ref --format %(refname)%00%(objectname)%00%(*objectname) refs/tags [8ms]
2026-04-25 16:29:47.805 [info] > git for-each-ref --sort -committerdate --format %(refname)%00%(objectname)%00%(*objectname) [8ms]
2026-04-25 16:29:47.855 [info] > git status -z -uall [65ms]
2026-04-25 16:29:52.892 [info] > git config --get commit.template [8ms]
2026-04-25 16:29:52.896 [info] > git for-each-ref --format %(refname)%00%(objectname)%00%(*objectname) refs/tags [5ms]
2026-04-25 16:29:52.916 [info] > git for-each-ref --sort -committerdate --format %(refname)%00%(objectname)%00%(*objectname) [7ms]
2026-04-25 16:29:52.967 [info] > git status -z -uall [65ms]
2026-04-25 16:29:58.017 [info] > git config --get commit.template [16ms]
2026-04-25 16:29:58.023 [info] > git for-each-ref --format %(refname)%00%(objectname)%00%(*objectname) refs/tags [7ms]
2026-04-25 16:29:58.046 [info] > git for-each-ref --sort -committerdate --format %(refname)%00%(objectname)%00%(*objectname) [8ms]
2026-04-25 16:29:58.095 [info] > git status -z -uall [64ms]
2026-04-25 16:30:03.143 [info] > git config --get commit.template [13ms]
2026-04-25 16:30:03.149 [info] > git for-each-ref --format %(refname)%00%(objectname)%00%(*objectname) refs/tags [7ms]
2026-04-25 16:30:03.171 [info] > git for-each-ref --sort -committerdate --format %(refname)%00%(objectname)%00%(*objectname) [7ms]
2026-04-25 16:30:03.220 [info] > git status -z -uall [63ms]
2026-04-25 16:30:08.255 [info] > git config --get commit.template [8ms]
2026-04-25 16:30:08.259 [info] > git for-each-ref --format %(refname)%00%(objectname)%00%(*objectname) refs/tags [5ms]
2026-04-25 16:30:08.278 [info] > git for-each-ref --sort -committerdate --format %(refname)%00%(objectname)%00%(*objectname) [7ms]
2026-04-25 16:30:08.329 [info] > git status -z -uall [64ms]
2026-04-25 16:30:13.366 [info] > git config --get commit.template [8ms]
2026-04-25 16:30:13.369 [info] > git for-each-ref --format %(refname)%00%(objectname)%00%(*objectname) refs/tags [4ms]
2026-04-25 16:30:13.388 [info] > git for-each-ref --sort -committerdate --format %(refname)%00%(objectname)%00%(*objectname) [6ms]
2026-04-25 16:30:13.474 [info] > git status -z -uall [99ms]
2026-04-25 16:30:17.798 [info] > git config --get commit.template [17ms]
2026-04-25 16:30:17.805 [info] > git for-each-ref --format %(refname)%00%(objectname)%00%(*objectname) refs/tags [8ms]
2026-04-25 16:30:17.828 [info] > git for-each-ref --sort -committerdate --format %(refname)%00%(objectname)%00%(*objectname) [6ms]
2026-04-25 16:30:17.878 [info] > git status -z -uall [65ms]
2026-04-25 16:30:22.912 [info] > git config --get commit.template [7ms]
2026-04-25 16:30:22.916 [info] > git for-each-ref --format %(refname)%00%(objectname)%00%(*objectname) refs/tags [4ms]
2026-04-25 16:30:22.936 [info] > git for-each-ref --sort -committerdate --format %(refname)%00%(objectname)%00%(*objectname) [7ms]
2026-04-25 16:30:22.986 [info] > git status -z -uall [64ms]
2026-04-25 16:30:28.203 [info] > git config --get commit.template [9ms]
2026-04-25 16:30:28.206 [info] > git for-each-ref --format %(refname)%00%(objectname)%00%(*objectname) refs/tags [5ms]
2026-04-25 16:30:28.228 [info] > git for-each-ref --sort -committerdate --format %(refname)%00%(objectname)%00%(*objectname) [7ms]
2026-04-25 16:30:28.279 [info] > git status -z -uall [66ms]
2026-04-25 16:30:33.311 [info] > git config --get commit.template [8ms]
2026-04-25 16:30:33.542 [info] > git for-each-ref --format %(refname)%00%(objectname)%00%(*objectname) refs/tags [232ms]
2026-04-25 16:30:33.562 [info] > git for-each-ref --sort -committerdate --format %(refname)%00%(objectname)%00%(*objectname) [7ms]
2026-04-25 16:30:33.611 [info] > git status -z -uall [63ms]
2026-04-25 16:30:38.665 [info] > git config --get commit.template [9ms]
2026-04-25 16:30:38.670 [info] > git for-each-ref --format %(refname)%00%(objectname)%00%(*objectname) refs/tags [6ms]
2026-04-25 16:30:38.691 [info] > git for-each-ref --sort -committerdate --format %(refname)%00%(objectname)%00%(*objectname) [7ms]
2026-04-25 16:30:38.741 [info] > git status -z -uall [64ms]
2026-04-25 16:30:43.783 [info] > git config --get commit.template [12ms]
2026-04-25 16:30:43.787 [info] > git for-each-ref --format %(refname)%00%(objectname)%00%(*objectname) refs/tags [5ms]
2026-04-25 16:30:43.807 [info] > git for-each-ref --sort -committerdate --format %(refname)%00%(objectname)%00%(*objectname) [7ms]
2026-04-25 16:30:43.857 [info] > git status -z -uall [64ms]
2026-04-25 16:30:48.169 [info] > git config --get commit.template [7ms]
2026-04-25 16:30:48.173 [info] > git for-each-ref --format %(refname)%00%(objectname)%00%(*objectname) refs/tags [5ms]
2026-04-25 16:30:48.192 [info] > git for-each-ref --sort -committerdate --format %(refname)%00%(objectname)%00%(*objectname) [7ms]
2026-04-25 16:30:48.242 [info] > git status -z -uall [63ms]
2026-04-25 16:30:53.272 [info] > git config --get commit.template [7ms]
2026-04-25 16:30:53.276 [info] > git for-each-ref --format %(refname)%00%(objectname)%00%(*objectname) refs/tags [5ms]
2026-04-25 16:30:53.296 [info] > git for-each-ref --sort -committerdate --format %(refname)%00%(objectname)%00%(*objectname) [7ms]
2026-04-25 16:30:53.358 [info] > git status -z -uall [76ms]
2026-04-25 16:30:58.398 [info] > git config --get commit.template [8ms]
2026-04-25 16:30:58.402 [info] > git for-each-ref --format %(refname)%00%(objectname)%00%(*objectname) refs/tags [5ms]
2026-04-25 16:30:58.423 [info] > git for-each-ref --sort -committerdate --format %(refname)%00%(objectname)%00%(*objectname) [7ms]
2026-04-25 16:30:58.473 [info] > git status -z -uall [65ms]
2026-04-25 16:31:03.523 [info] > git config --get commit.template [15ms]
2026-04-25 16:31:03.529 [info] > git for-each-ref --format %(refname)%00%(objectname)%00%(*objectname) refs/tags [7ms]
2026-04-25 16:31:03.552 [info] > git for-each-ref --sort -committerdate --format %(refname)%00%(objectname)%00%(*objectname) [8ms]
2026-04-25 16:31:03.603 [info] > git status -z -uall [66ms]
2026-04-25 16:31:08.643 [info] > git config --get commit.template [7ms]
2026-04-25 16:31:08.647 [info] > git for-each-ref --format %(refname)%00%(objectname)%00%(*objectname) refs/tags [5ms]
2026-04-25 16:31:08.666 [info] > git for-each-ref --sort -committerdate --format %(refname)%00%(objectname)%00%(*objectname) [7ms]
2026-04-25 16:31:08.716 [info] > git status -z -uall [63ms]
2026-04-25 16:31:13.754 [info] > git config --get commit.template [10ms]
2026-04-25 16:31:13.759 [info] > git for-each-ref --format %(refname)%00%(objectname)%00%(*objectname) refs/tags [7ms]
2026-04-25 16:31:13.787 [info] > git for-each-ref --sort -committerdate --format %(refname)%00%(objectname)%00%(*objectname) [9ms]
2026-04-25 16:31:13.845 [info] > git status -z -uall [77ms]
2026-04-25 16:31:18.209 [info] > git config --get commit.template [9ms]
2026-04-25 16:31:18.213 [info] > git for-each-ref --format %(refname)%00%(objectname)%00%(*objectname) refs/tags [5ms]
2026-04-25 16:31:18.234 [info] > git for-each-ref --sort -committerdate --format %(refname)%00%(objectname)%00%(*objectname) [7ms]
2026-04-25 16:31:18.288 [info] > git status -z -uall [68ms]
2026-04-25 16:31:23.328 [info] > git config --get commit.template [8ms]
2026-04-25 16:31:23.332 [info] > git for-each-ref --format %(refname)%00%(objectname)%00%(*objectname) refs/tags [5ms]
2026-04-25 16:31:23.352 [info] > git for-each-ref --sort -committerdate --format %(refname)%00%(objectname)%00%(*objectname) [7ms]
2026-04-25 16:31:23.402 [info] > git status -z -uall [64ms]
2026-04-25 16:31:28.434 [info] > git config --get commit.template [8ms]
2026-04-25 16:31:28.438 [info] > git for-each-ref --format %(refname)%00%(objectname)%00%(*objectname) refs/tags [5ms]
2026-04-25 16:31:28.458 [info] > git for-each-ref --sort -committerdate --format %(refname)%00%(objectname)%00%(*objectname) [8ms]
2026-04-25 16:31:28.509 [info] > git status -z -uall [65ms]
2026-04-25 16:31:33.546 [info] > git config --get commit.template [8ms]
2026-04-25 16:31:33.550 [info] > git for-each-ref --format %(refname)%00%(objectname)%00%(*objectname) refs/tags [4ms]
2026-04-25 16:31:33.570 [info] > git for-each-ref --sort -committerdate --format %(refname)%00%(objectname)%00%(*objectname) [7ms]
2026-04-25 16:31:33.621 [info] > git status -z -uall [65ms]
2026-04-25 16:31:38.658 [info] > git config --get commit.template [8ms]
2026-04-25 16:31:38.662 [info] > git for-each-ref --format %(refname)%00%(objectname)%00%(*objectname) refs/tags [5ms]
2026-04-25 16:31:38.684 [info] > git for-each-ref --sort -committerdate --format %(refname)%00%(objectname)%00%(*objectname) [8ms]
2026-04-25 16:31:38.735 [info] > git status -z -uall [65ms]
2026-04-25 16:31:43.770 [info] > git config --get commit.template [7ms]
2026-04-25 16:31:43.773 [info] > git for-each-ref --format %(refname)%00%(objectname)%00%(*objectname) refs/tags [4ms]
2026-04-25 16:31:43.793 [info] > git for-each-ref --sort -committerdate --format %(refname)%00%(objectname)%00%(*objectname) [7ms]
2026-04-25 16:31:43.844 [info] > git status -z -uall [64ms]
2026-04-25 16:31:48.195 [info] > git config --get commit.template [11ms]
2026-04-25 16:31:48.200 [info] > git for-each-ref --format %(refname)%00%(objectname)%00%(*objectname) refs/tags [5ms]
2026-04-25 16:31:48.219 [info] > git for-each-ref --sort -committerdate --format %(refname)%00%(objectname)%00%(*objectname) [7ms]
2026-04-25 16:31:48.270 [info] > git status -z -uall [64ms]
2026-04-25 16:31:53.325 [info] > git config --get commit.template [13ms]
2026-04-25 16:31:53.331 [info] > git for-each-ref --format %(refname)%00%(objectname)%00%(*objectname) refs/tags [7ms]
2026-04-25 16:31:53.351 [info] > git for-each-ref --sort -committerdate --format %(refname)%00%(objectname)%00%(*objectname) [7ms]
2026-04-25 16:31:53.402 [info] > git status -z -uall [64ms]
2026-04-25 16:31:58.438 [info] > git config --get commit.template [7ms]
2026-04-25 16:31:58.442 [info] > git for-each-ref --format %(refname)%00%(objectname)%00%(*objectname) refs/tags [4ms]
2026-04-25 16:31:58.462 [info] > git for-each-ref --sort -committerdate --format %(refname)%00%(objectname)%00%(*objectname) [7ms]
2026-04-25 16:31:58.513 [info] > git status -z -uall [65ms]
2026-04-25 16:32:03.562 [info] > git config --get commit.template [7ms]
2026-04-25 16:32:03.566 [info] > git for-each-ref --format %(refname)%00%(objectname)%00%(*objectname) refs/tags [4ms]
2026-04-25 16:32:03.586 [info] > git for-each-ref --sort -committerdate --format %(refname)%00%(objectname)%00%(*objectname) [7ms]
2026-04-25 16:32:03.636 [info] > git status -z -uall [63ms]
2026-04-25 16:32:08.672 [info] > git config --get commit.template [9ms]
2026-04-25 16:32:08.676 [info] > git for-each-ref --format %(refname)%00%(objectname)%00%(*objectname) refs/tags [5ms]
2026-04-25 16:32:08.700 [info] > git for-each-ref --sort -committerdate --format %(refname)%00%(objectname)%00%(*objectname) [8ms]
2026-04-25 16:32:08.761 [info] > git status -z -uall [78ms]
2026-04-25 16:32:13.803 [info] > git config --get commit.template [10ms]
2026-04-25 16:32:13.807 [info] > git for-each-ref --format %(refname)%00%(objectname)%00%(*objectname) refs/tags [5ms]
2026-04-25 16:32:13.827 [info] > git for-each-ref --sort -committerdate --format %(refname)%00%(objectname)%00%(*objectname) [8ms]
2026-04-25 16:32:13.877 [info] > git status -z -uall [64ms]
2026-04-25 16:32:18.912 [info] > git config --get commit.template [8ms]
2026-04-25 16:32:18.915 [info] > git for-each-ref --format %(refname)%00%(objectname)%00%(*objectname) refs/tags [4ms]
2026-04-25 16:32:18.936 [info] > git for-each-ref --sort -committerdate --format %(refname)%00%(objectname)%00%(*objectname) [8ms]
2026-04-25 16:32:18.987 [info] > git status -z -uall [65ms]
2026-04-25 16:32:23.334 [info] > git config --get commit.template [7ms]
2026-04-25 16:32:23.337 [info] > git for-each-ref --format %(refname)%00%(objectname)%00%(*objectname) refs/tags [4ms]
2026-04-25 16:32:23.370 [info] > git for-each-ref --sort -committerdate --format %(refname)%00%(objectname)%00%(*objectname) [6ms]
2026-04-25 16:32:23.412 [info] > git status -z -uall [69ms]
2026-04-25 16:32:28.450 [info] > git config --get commit.template [7ms]
2026-04-25 16:32:28.454 [info] > git for-each-ref --format %(refname)%00%(objectname)%00%(*objectname) refs/tags [4ms]
2026-04-25 16:32:28.474 [info] > git for-each-ref --sort -committerdate --format %(refname)%00%(objectname)%00%(*objectname) [7ms]
2026-04-25 16:32:28.523 [info] > git status -z -uall [63ms]
2026-04-25 16:32:33.561 [info] > git config --get commit.template [8ms]
2026-04-25 16:32:33.565 [info] > git for-each-ref --format %(refname)%00%(objectname)%00%(*objectname) refs/tags [4ms]
2026-04-25 16:32:33.585 [info] > git for-each-ref --sort -committerdate --format %(refname)%00%(objectname)%00%(*objectname) [7ms]
2026-04-25 16:32:33.636 [info] > git status -z -uall [65ms]
2026-04-25 16:32:38.677 [info] > git config --get commit.template [7ms]
2026-04-25 16:32:38.680 [info] > git for-each-ref --format %(refname)%00%(objectname)%00%(*objectname) refs/tags [4ms]
2026-04-25 16:32:38.702 [info] > git for-each-ref --sort -committerdate --format %(refname)%00%(objectname)%00%(*objectname) [9ms]
2026-04-25 16:32:38.753 [info] > git status -z -uall [67ms]
2026-04-25 16:32:43.787 [info] > git config --get commit.template [7ms]
2026-04-25 16:32:43.791 [info] > git for-each-ref --format %(refname)%00%(objectname)%00%(*objectname) refs/tags [5ms]
2026-04-25 16:32:43.810 [info] > git for-each-ref --sort -committerdate --format %(refname)%00%(objectname)%00%(*objectname) [7ms]
2026-04-25 16:32:43.861 [info] > git status -z -uall [64ms]
2026-04-25 16:32:48.897 [info] > git config --get commit.template [8ms]
2026-04-25 16:32:48.901 [info] > git for-each-ref --format %(refname)%00%(objectname)%00%(*objectname) refs/tags [5ms]
2026-04-25 16:32:48.921 [info] > git for-each-ref --sort -committerdate --format %(refname)%00%(objectname)%00%(*objectname) [7ms]
2026-04-25 16:32:48.971 [info] > git status -z -uall [64ms]
2026-04-25 16:32:53.306 [info] > git config --get commit.template [8ms]
2026-04-25 16:32:53.310 [info] > git for-each-ref --format %(refname)%00%(objectname)%00%(*objectname) refs/tags [5ms]
2026-04-25 16:32:53.330 [info] > git for-each-ref --sort -committerdate --format %(refname)%00%(objectname)%00%(*objectname) [7ms]
2026-04-25 16:32:53.380 [info] > git status -z -uall [64ms]
2026-04-25 16:32:58.407 [info] > git config --get commit.template [1ms]
2026-04-25 16:32:58.418 [info] > git for-each-ref --format %(refname)%00%(objectname)%00%(*objectname) refs/tags [5ms]
2026-04-25 16:32:58.440 [info] > git for-each-ref --sort -committerdate --format %(refname)%00%(objectname)%00%(*objectname) [7ms]
2026-04-25 16:32:58.493 [info] > git status -z -uall [67ms]
2026-04-25 16:33:03.549 [info] > git config --get commit.template [13ms]
2026-04-25 16:33:03.554 [info] > git for-each-ref --format %(refname)%00%(objectname)%00%(*objectname) refs/tags [6ms]
2026-04-25 16:33:03.576 [info] > git for-each-ref --sort -committerdate --format %(refname)%00%(objectname)%00%(*objectname) [7ms]
2026-04-25 16:33:03.625 [info] > git status -z -uall [64ms]
2026-04-25 16:33:08.660 [info] > git config --get commit.template [7ms]
2026-04-25 16:33:08.663 [info] > git for-each-ref --format %(refname)%00%(objectname)%00%(*objectname) refs/tags [4ms]
2026-04-25 16:33:08.687 [info] > git for-each-ref --sort -committerdate --format %(refname)%00%(objectname)%00%(*objectname) [8ms]
2026-04-25 16:33:08.758 [info] > git status -z -uall [86ms]
2026-04-25 16:33:13.795 [info] > git config --get commit.template [7ms]
2026-04-25 16:33:13.799 [info] > git for-each-ref --format %(refname)%00%(objectname)%00%(*objectname) refs/tags [5ms]
2026-04-25 16:33:13.819 [info] > git for-each-ref --sort -committerdate --format %(refname)%00%(objectname)%00%(*objectname) [7ms]
2026-04-25 16:33:13.868 [info] > git status -z -uall [62ms]
2026-04-25 16:33:18.911 [info] > git config --get commit.template [7ms]
2026-04-25 16:33:18.914 [info] > git for-each-ref --format %(refname)%00%(objectname)%00%(*objectname) refs/tags [4ms]
2026-04-25 16:33:18.934 [info] > git for-each-ref --sort -committerdate --format %(refname)%00%(objectname)%00%(*objectname) [7ms]
2026-04-25 16:33:18.985 [info] > git status -z -uall [65ms]
2026-04-25 16:33:23.313 [info] > git config --get commit.template [8ms]
2026-04-25 16:33:23.317 [info] > git for-each-ref --format %(refname)%00%(objectname)%00%(*objectname) refs/tags [5ms]
2026-04-25 16:33:23.336 [info] > git for-each-ref --sort -committerdate --format %(refname)%00%(objectname)%00%(*objectname) [6ms]
2026-04-25 16:33:23.387 [info] > git status -z -uall [64ms]
2026-04-25 16:33:28.425 [info] > git config --get commit.template [7ms]
2026-04-25 16:33:28.428 [info] > git for-each-ref --format %(refname)%00%(objectname)%00%(*objectname) refs/tags [4ms]
2026-04-25 16:33:28.448 [info] > git for-each-ref --sort -committerdate --format %(refname)%00%(objectname)%00%(*objectname) [7ms]
2026-04-25 16:33:28.498 [info] > git status -z -uall [64ms]
2026-04-25 16:33:33.540 [info] > git config --get commit.template [8ms]
2026-04-25 16:33:33.544 [info] > git for-each-ref --format %(refname)%00%(objectname)%00%(*objectname) refs/tags [5ms]
2026-04-25 16:33:33.563 [info] > git for-each-ref --sort -committerdate --format %(refname)%00%(objectname)%00%(*objectname) [7ms]
2026-04-25 16:33:33.614 [info] > git status -z -uall [64ms]
2026-04-25 16:33:38.653 [info] > git config --get commit.template [8ms]
2026-04-25 16:33:38.657 [info] > git for-each-ref --format %(refname)%00%(objectname)%00%(*objectname) refs/tags [5ms]
2026-04-25 16:33:38.676 [info] > git for-each-ref --sort -committerdate --format %(refname)%00%(objectname)%00%(*objectname) [7ms]
2026-04-25 16:33:38.727 [info] > git status -z -uall [64ms]
2026-04-25 16:33:43.763 [info] > git config --get commit.template [8ms]
2026-04-25 16:33:43.767 [info] > git for-each-ref --format %(refname)%00%(objectname)%00%(*objectname) refs/tags [4ms]
2026-04-25 16:33:43.790 [info] > git for-each-ref --sort -committerdate --format %(refname)%00%(objectname)%00%(*objectname) [10ms]
2026-04-25 16:33:43.840 [info] > git status -z -uall [67ms]
2026-04-25 16:33:48.903 [info] > git config --get commit.template [30ms]
2026-04-25 16:33:48.907 [info] > git for-each-ref --format %(refname)%00%(objectname)%00%(*objectname) refs/tags [5ms]
2026-04-25 16:33:48.938 [info] > git for-each-ref --sort -committerdate --format %(refname)%00%(objectname)%00%(*objectname) [13ms]
2026-04-25 16:33:49.023 [info] > git status -z -uall [107ms]
2026-04-25 16:33:54.062 [info] > git config --get commit.template [8ms]
2026-04-25 16:33:54.067 [info] > git for-each-ref --format %(refname)%00%(objectname)%00%(*objectname) refs/tags [6ms]
2026-04-25 16:33:54.088 [info] > git for-each-ref --sort -committerdate --format %(refname)%00%(objectname)%00%(*objectname) [7ms]
2026-04-25 16:33:54.140 [info] > git status -z -uall [66ms]
2026-04-25 16:33:58.498 [info] > git config --get commit.template [10ms]
2026-04-25 16:33:58.502 [info] > git for-each-ref --format %(refname)%00%(objectname)%00%(*objectname) refs/tags [5ms]
2026-04-25 16:33:58.523 [info] > git for-each-ref --sort -committerdate --format %(refname)%00%(objectname)%00%(*objectname) [7ms]
2026-04-25 16:33:58.589 [info] > git status -z -uall [80ms]
2026-04-25 16:34:03.640 [info] > git config --get commit.template [7ms]
2026-04-25 16:34:03.644 [info] > git for-each-ref --format %(refname)%00%(objectname)%00%(*objectname) refs/tags [4ms]
2026-04-25 16:34:03.665 [info] > git for-each-ref --sort -committerdate --format %(refname)%00%(objectname)%00%(*objectname) [7ms]
2026-04-25 16:34:03.715 [info] > git status -z -uall [65ms]
2026-04-25 16:34:08.752 [info] > git config --get commit.template [8ms]
2026-04-25 16:34:08.758 [info] > git for-each-ref --format %(refname)%00%(objectname)%00%(*objectname) refs/tags [8ms]
2026-04-25 16:34:08.780 [info] > git for-each-ref --sort -committerdate --format %(refname)%00%(objectname)%00%(*objectname) [7ms]
2026-04-25 16:34:08.837 [info] > git status -z -uall [73ms]
2026-04-25 16:34:13.873 [info] > git config --get commit.template [8ms]
2026-04-25 16:34:13.876 [info] > git for-each-ref --format %(refname)%00%(objectname)%00%(*objectname) refs/tags [4ms]
2026-04-25 16:34:13.896 [info] > git for-each-ref --sort -committerdate --format %(refname)%00%(objectname)%00%(*objectname) [7ms]
2026-04-25 16:34:13.946 [info] > git status -z -uall [63ms]
2026-04-25 16:34:18.975 [info] > git config --get commit.template [1ms]
2026-04-25 16:34:18.986 [info] > git for-each-ref --format %(refname)%00%(objectname)%00%(*objectname) refs/tags [5ms]
2026-04-25 16:34:19.005 [info] > git for-each-ref --sort -committerdate --format %(refname)%00%(objectname)%00%(*objectname) [7ms]
2026-04-25 16:34:19.056 [info] > git status -z -uall [64ms]
2026-04-25 16:34:24.094 [info] > git config --get commit.template [9ms]
2026-04-25 16:34:24.098 [info] > git for-each-ref --format %(refname)%00%(objectname)%00%(*objectname) refs/tags [4ms]
2026-04-25 16:34:24.118 [info] > git for-each-ref --sort -committerdate --format %(refname)%00%(objectname)%00%(*objectname) [7ms]
2026-04-25 16:34:24.167 [info] > git status -z -uall [62ms]
2026-04-25 16:34:28.499 [info] > git config --get commit.template [7ms]
2026-04-25 16:34:28.502 [info] > git for-each-ref --format %(refname)%00%(objectname)%00%(*objectname) refs/tags [4ms]
2026-04-25 16:34:28.522 [info] > git for-each-ref --sort -committerdate --format %(refname)%00%(objectname)%00%(*objectname) [7ms]
2026-04-25 16:34:28.573 [info] > git status -z -uall [64ms]
2026-04-25 16:34:33.609 [info] > git config --get commit.template [8ms]
2026-04-25 16:34:33.612 [info] > git for-each-ref --format %(refname)%00%(objectname)%00%(*objectname) refs/tags [4ms]
2026-04-25 16:34:33.633 [info] > git for-each-ref --sort -committerdate --format %(refname)%00%(objectname)%00%(*objectname) [7ms]
2026-04-25 16:34:33.683 [info] > git status -z -uall [65ms]
2026-04-25 16:34:38.712 [info] > git config --get commit.template [7ms]
2026-04-25 16:34:38.717 [info] > git for-each-ref --format %(refname)%00%(objectname)%00%(*objectname) refs/tags [5ms]
2026-04-25 16:34:38.737 [info] > git for-each-ref --sort -committerdate --format %(refname)%00%(objectname)%00%(*objectname) [6ms]
2026-04-25 16:34:38.793 [info] > git status -z -uall [69ms]
