2026-04-27 10:42:21.762 [info] Reading sessions from keychain...
2026-04-27 10:42:21.763 [info] Getting sessions for all scopes...
2026-04-27 10:42:21.763 [info] Got 0 sessions for ...
2026-04-27 10:42:21.763 [info] Getting sessions for all scopes...
2026-04-27 10:42:21.763 [info] Got 0 sessions for ...
2026-04-27 10:42:21.763 [info] Getting sessions for all scopes...
2026-04-27 10:42:21.763 [info] Got 0 sessions for ...
2026-04-27 10:42:21.763 [info] Getting sessions for all scopes...
2026-04-27 10:42:21.763 [info] Got 0 sessions for ...
2026-04-27 10:42:21.774 [info] Getting sessions for all scopes...
2026-04-27 10:42:21.774 [info] Got 0 sessions for ...
2026-04-27 10:42:21.774 [info] Getting sessions for all scopes...
2026-04-27 10:42:21.774 [info] Got 0 sessions for ...
2026-04-27 10:42:21.774 [info] Getting sessions for all scopes...
2026-04-27 10:42:21.774 [info] Got 0 sessions for ...
2026-04-27 10:42:21.824 [info] Getting sessions for user:email...
2026-04-27 10:42:21.824 [info] Got 0 sessions for user:email...
2026-04-27 10:42:21.824 [info] Getting sessions for read:user,repo,user:email,workflow...
2026-04-27 10:42:21.824 [info] Got 0 sessions for read:user,repo,user:email,workflow...
2026-04-27 10:42:22.904 [info] Getting sessions for all scopes...
2026-04-27 10:42:22.904 [info] Got 0 sessions for ...
2026-04-27 10:42:22.904 [info] Getting sessions for all scopes...
2026-04-27 10:42:22.904 [info] Got 0 sessions for ...
2026-04-27 10:42:22.904 [info] Getting sessions for all scopes...
2026-04-27 10:42:22.904 [info] Got 0 sessions for ...
2026-04-27 10:42:23.057 [info] Getting sessions for user:email...
2026-04-27 10:42:23.057 [info] Got 0 sessions for user:email...
2026-04-27 10:42:23.057 [info] Getting sessions for read:user,repo,user:email,workflow...
2026-04-27 10:42:23.057 [info] Got 0 sessions for read:user,repo,user:email,workflow...
2026-04-27 10:42:23.164 [info] Getting sessions for all scopes...
2026-04-27 10:42:23.164 [info] Got 0 sessions for ...
2026-04-27 10:42:23.178 [info] Getting sessions for read:user,repo,user:email,workflow...
2026-04-27 10:42:23.178 [info] Got 0 sessions for read:user,repo,user:email,workflow...
2026-04-27 10:42:23.228 [info] Getting sessions for all scopes...
2026-04-27 10:42:23.228 [info] Got 0 sessions for ...
2026-04-27 10:42:23.342 [info] Getting sessions for user:email...
2026-04-27 10:42:23.342 [info] Got 0 sessions for user:email...
2026-04-27 10:42:23.362 [info] Getting sessions for all scopes...
2026-04-27 10:42:23.362 [info] Got 0 sessions for ...
2026-04-27 10:42:23.362 [info] Getting sessions for all scopes...
2026-04-27 10:42:23.362 [info] Got 0 sessions for ...
2026-04-27 10:42:23.379 [info] Getting sessions for user:email...
2026-04-27 10:42:23.379 [info] Got 0 sessions for user:email...
2026-04-27 10:42:23.379 [info] Getting sessions for read:user,repo,user:email,workflow...
2026-04-27 10:42:23.379 [info] Got 0 sessions for read:user,repo,user:email,workflow...
2026-04-27 10:42:23.393 [info] Getting sessions for all scopes...
2026-04-27 10:42:23.394 [info] Got 0 sessions for ...
2026-04-27 10:42:23.407 [info] Getting sessions for read:user,repo,user:email,workflow...
2026-04-27 10:42:23.407 [info] Got 0 sessions for read:user,repo,user:email,workflow...
2026-04-27 10:42:23.527 [info] Getting sessions for all scopes...
2026-04-27 10:42:23.527 [info] Got 0 sessions for ...
2026-04-27 10:42:23.527 [info] Getting sessions for all scopes...
2026-04-27 10:42:23.527 [info] Got 0 sessions for ...
2026-04-27 10:42:23.539 [info] Getting sessions for all scopes...
2026-04-27 10:42:23.539 [info] Got 0 sessions for ...
2026-04-27 10:42:23.545 [info] Getting sessions for all scopes...
2026-04-27 10:42:23.545 [info] Got 0 sessions for ...
2026-04-27 10:42:23.557 [info] Getting sessions for user:email...
2026-04-27 10:42:23.557 [info] Got 0 sessions for user:email...
2026-04-27 10:42:25.103 [info] Getting sessions for read:user,repo,user:email,workflow...
2026-04-27 10:42:25.104 [info] Got 0 sessions for read:user,repo,user:email,workflow...
2026-04-27 10:42:25.385 [info] Getting sessions for all scopes...
2026-04-27 10:42:25.385 [info] Got 0 sessions for ...
2026-04-27 10:42:25.394 [info] Getting sessions for read:user,repo,user:email,workflow...
2026-04-27 10:42:25.394 [info] Got 0 sessions for read:user,repo,user:email,workflow...
2026-04-27 10:42:25.407 [info] Getting sessions for all scopes...
2026-04-27 10:42:25.407 [info] Got 0 sessions for ...
2026-04-27 10:42:25.420 [info] Getting sessions for read:user,repo,user:email,workflow...
2026-04-27 10:42:25.420 [info] Got 0 sessions for read:user,repo,user:email,workflow...
2026-04-27 10:42:25.860 [info] Getting sessions for read:user,repo,user:email,workflow...
2026-04-27 10:42:25.860 [info] Got 0 sessions for read:user,repo,user:email,workflow...
