2026-04-25 16:18:50.476 [info] Reading sessions from keychain...
2026-04-25 16:18:50.476 [info] Getting sessions for all scopes...
2026-04-25 16:18:50.476 [info] Got 0 sessions for ...
2026-04-25 16:18:50.476 [info] Getting sessions for all scopes...
2026-04-25 16:18:50.476 [info] Got 0 sessions for ...
2026-04-25 16:18:50.476 [info] Getting sessions for all scopes...
2026-04-25 16:18:50.476 [info] Got 0 sessions for ...
2026-04-25 16:18:50.476 [info] Getting sessions for all scopes...
2026-04-25 16:18:50.476 [info] Got 0 sessions for ...
2026-04-25 16:18:50.650 [info] Getting sessions for all scopes...
2026-04-25 16:18:50.650 [info] Got 0 sessions for ...
2026-04-25 16:18:50.650 [info] Getting sessions for all scopes...
2026-04-25 16:18:50.650 [info] Got 0 sessions for ...
2026-04-25 16:18:50.650 [info] Getting sessions for all scopes...
2026-04-25 16:18:50.650 [info] Got 0 sessions for ...
2026-04-25 16:18:50.668 [info] Getting sessions for user:email...
2026-04-25 16:18:50.668 [info] Got 0 sessions for user:email...
2026-04-25 16:18:50.668 [info] Getting sessions for read:user,repo,user:email,workflow...
2026-04-25 16:18:50.668 [info] Got 0 sessions for read:user,repo,user:email,workflow...
2026-04-25 16:18:53.462 [info] Getting sessions for all scopes...
2026-04-25 16:18:53.462 [info] Got 0 sessions for ...
2026-04-25 16:18:53.462 [info] Getting sessions for all scopes...
2026-04-25 16:18:53.462 [info] Got 0 sessions for ...
2026-04-25 16:18:53.462 [info] Getting sessions for all scopes...
2026-04-25 16:18:53.462 [info] Got 0 sessions for ...
2026-04-25 16:18:53.563 [info] Getting sessions for user:email...
2026-04-25 16:18:53.563 [info] Got 0 sessions for user:email...
2026-04-25 16:18:53.563 [info] Getting sessions for read:user,repo,user:email,workflow...
2026-04-25 16:18:53.563 [info] Got 0 sessions for read:user,repo,user:email,workflow...
2026-04-25 16:18:53.609 [info] Getting sessions for all scopes...
2026-04-25 16:18:53.609 [info] Got 0 sessions for ...
2026-04-25 16:18:53.621 [info] Getting sessions for all scopes...
2026-04-25 16:18:53.621 [info] Got 0 sessions for ...
2026-04-25 16:18:53.623 [info] Getting sessions for read:user,repo,user:email,workflow...
2026-04-25 16:18:53.623 [info] Got 0 sessions for read:user,repo,user:email,workflow...
2026-04-25 16:18:53.674 [info] Getting sessions for user:email...
2026-04-25 16:18:53.674 [info] Got 0 sessions for user:email...
2026-04-25 16:18:53.971 [info] Getting sessions for all scopes...
2026-04-25 16:18:53.971 [info] Got 0 sessions for ...
2026-04-25 16:18:53.971 [info] Getting sessions for all scopes...
2026-04-25 16:18:53.971 [info] Got 0 sessions for ...
2026-04-25 16:18:53.984 [info] Getting sessions for user:email...
2026-04-25 16:18:53.984 [info] Got 0 sessions for user:email...
2026-04-25 16:18:53.984 [info] Getting sessions for read:user,repo,user:email,workflow...
2026-04-25 16:18:53.984 [info] Got 0 sessions for read:user,repo,user:email,workflow...
2026-04-25 16:18:54.003 [info] Getting sessions for all scopes...
2026-04-25 16:18:54.003 [info] Got 0 sessions for ...
2026-04-25 16:18:54.014 [info] Getting sessions for read:user,repo,user:email,workflow...
2026-04-25 16:18:54.014 [info] Got 0 sessions for read:user,repo,user:email,workflow...
2026-04-25 16:18:54.928 [info] Getting sessions for all scopes...
2026-04-25 16:18:54.928 [info] Got 0 sessions for ...
2026-04-25 16:18:55.041 [info] Getting sessions for all scopes...
2026-04-25 16:18:55.041 [info] Got 0 sessions for ...
2026-04-25 16:18:57.164 [info] Getting sessions for read:user,repo,user:email,workflow...
2026-04-25 16:18:57.164 [info] Got 0 sessions for read:user,repo,user:email,workflow...
2026-04-25 16:18:57.164 [info] Getting sessions for all scopes...
2026-04-25 16:18:57.164 [info] Got 0 sessions for ...
2026-04-25 16:18:57.439 [info] Getting sessions for read:user,repo,user:email,workflow...
2026-04-25 16:18:57.439 [info] Got 0 sessions for read:user,repo,user:email,workflow...
2026-04-25 16:18:57.567 [info] Getting sessions for all scopes...
2026-04-25 16:18:57.567 [info] Got 0 sessions for ...
2026-04-25 16:18:57.576 [info] Getting sessions for read:user,repo,user:email,workflow...
2026-04-25 16:18:57.576 [info] Got 0 sessions for read:user,repo,user:email,workflow...
2026-04-25 16:19:24.432 [info] Getting sessions for read:user,repo,user:email,workflow...
2026-04-25 16:19:24.432 [info] Got 0 sessions for read:user,repo,user:email,workflow...
2026-04-25 16:28:20.377 [info] Getting sessions for all scopes...
2026-04-25 16:28:20.377 [info] Got 0 sessions for ...
2026-04-25 16:28:20.465 [info] Getting sessions for read:user,repo,user:email,workflow...
2026-04-25 16:28:20.465 [info] Got 0 sessions for read:user,repo,user:email,workflow...
