2026-04-27 09:11:25.585 [info] Reading sessions from keychain...
2026-04-27 09:11:25.585 [info] Getting sessions for all scopes...
2026-04-27 09:11:25.585 [info] Got 0 sessions for ...
2026-04-27 09:11:25.585 [info] Getting sessions for all scopes...
2026-04-27 09:11:25.585 [info] Got 0 sessions for ...
2026-04-27 09:11:25.585 [info] Getting sessions for all scopes...
2026-04-27 09:11:25.585 [info] Got 0 sessions for ...
2026-04-27 09:11:25.585 [info] Getting sessions for all scopes...
2026-04-27 09:11:25.585 [info] Got 0 sessions for ...
2026-04-27 09:11:25.601 [info] Getting sessions for all scopes...
2026-04-27 09:11:25.601 [info] Got 0 sessions for ...
2026-04-27 09:11:25.602 [info] Getting sessions for all scopes...
2026-04-27 09:11:25.602 [info] Got 0 sessions for ...
2026-04-27 09:11:25.602 [info] Getting sessions for all scopes...
2026-04-27 09:11:25.602 [info] Got 0 sessions for ...
2026-04-27 09:11:25.716 [info] Getting sessions for user:email...
2026-04-27 09:11:25.716 [info] Got 0 sessions for user:email...
2026-04-27 09:11:25.716 [info] Getting sessions for read:user,repo,user:email,workflow...
2026-04-27 09:11:25.717 [info] Got 0 sessions for read:user,repo,user:email,workflow...
2026-04-27 09:11:30.583 [info] Getting sessions for all scopes...
2026-04-27 09:11:30.584 [info] Got 0 sessions for ...
2026-04-27 09:11:30.601 [info] Getting sessions for all scopes...
2026-04-27 09:11:30.601 [info] Got 0 sessions for ...
2026-04-27 09:11:30.601 [info] Getting sessions for all scopes...
2026-04-27 09:11:30.601 [info] Got 0 sessions for ...
2026-04-27 09:11:30.655 [info] Getting sessions for user:email...
2026-04-27 09:11:30.655 [info] Got 0 sessions for user:email...
2026-04-27 09:11:30.656 [info] Getting sessions for read:user,repo,user:email,workflow...
2026-04-27 09:11:30.656 [info] Got 0 sessions for read:user,repo,user:email,workflow...
2026-04-27 09:11:30.731 [info] Getting sessions for all scopes...
2026-04-27 09:11:30.731 [info] Got 0 sessions for ...
2026-04-27 09:11:30.767 [info] Getting sessions for read:user,repo,user:email,workflow...
2026-04-27 09:11:30.767 [info] Got 0 sessions for read:user,repo,user:email,workflow...
2026-04-27 09:11:30.771 [info] Getting sessions for all scopes...
2026-04-27 09:11:30.771 [info] Got 0 sessions for ...
2026-04-27 09:11:30.782 [info] Getting sessions for user:email...
2026-04-27 09:11:30.783 [info] Got 0 sessions for user:email...
2026-04-27 09:11:30.806 [info] Getting sessions for all scopes...
2026-04-27 09:11:30.806 [info] Got 0 sessions for ...
2026-04-27 09:11:30.806 [info] Getting sessions for all scopes...
2026-04-27 09:11:30.806 [info] Got 0 sessions for ...
2026-04-27 09:11:30.864 [info] Getting sessions for user:email...
2026-04-27 09:11:30.864 [info] Got 0 sessions for user:email...
2026-04-27 09:11:30.864 [info] Getting sessions for read:user,repo,user:email,workflow...
2026-04-27 09:11:30.864 [info] Got 0 sessions for read:user,repo,user:email,workflow...
2026-04-27 09:11:30.935 [info] Getting sessions for all scopes...
2026-04-27 09:11:30.935 [info] Got 0 sessions for ...
2026-04-27 09:11:31.010 [info] Getting sessions for read:user,repo,user:email,workflow...
2026-04-27 09:11:31.010 [info] Got 0 sessions for read:user,repo,user:email,workflow...
2026-04-27 09:11:31.017 [info] Getting sessions for all scopes...
2026-04-27 09:11:31.017 [info] Got 0 sessions for ...
2026-04-27 09:11:31.023 [info] Getting sessions for all scopes...
2026-04-27 09:11:31.023 [info] Got 0 sessions for ...
2026-04-27 09:11:32.027 [info] Getting sessions for read:user,repo,user:email,workflow...
2026-04-27 09:11:32.027 [info] Got 0 sessions for read:user,repo,user:email,workflow...
2026-04-27 09:11:32.027 [info] Getting sessions for all scopes...
2026-04-27 09:11:32.027 [info] Got 0 sessions for ...
2026-04-27 09:11:32.278 [info] Getting sessions for read:user,repo,user:email,workflow...
2026-04-27 09:11:32.278 [info] Got 0 sessions for read:user,repo,user:email,workflow...
2026-04-27 09:11:32.320 [info] Getting sessions for all scopes...
2026-04-27 09:11:32.320 [info] Got 0 sessions for ...
2026-04-27 09:11:32.332 [info] Getting sessions for read:user,repo,user:email,workflow...
2026-04-27 09:11:32.332 [info] Got 0 sessions for read:user,repo,user:email,workflow...
2026-04-27 09:12:13.994 [info] Getting sessions for read:user,repo,user:email,workflow...
2026-04-27 09:12:13.994 [info] Got 0 sessions for read:user,repo,user:email,workflow...
