2026-04-27 09:47:42.811 [info] Reading sessions from keychain...
2026-04-27 09:47:42.811 [info] Getting sessions for all scopes...
2026-04-27 09:47:42.811 [info] Got 0 sessions for ...
2026-04-27 09:47:42.811 [info] Getting sessions for all scopes...
2026-04-27 09:47:42.811 [info] Got 0 sessions for ...
2026-04-27 09:47:42.811 [info] Getting sessions for all scopes...
2026-04-27 09:47:42.811 [info] Got 0 sessions for ...
2026-04-27 09:47:42.811 [info] Getting sessions for all scopes...
2026-04-27 09:47:42.811 [info] Got 0 sessions for ...
2026-04-27 09:47:42.816 [info] Getting sessions for all scopes...
2026-04-27 09:47:42.816 [info] Got 0 sessions for ...
2026-04-27 09:47:42.816 [info] Getting sessions for all scopes...
2026-04-27 09:47:42.816 [info] Got 0 sessions for ...
2026-04-27 09:47:42.816 [info] Getting sessions for all scopes...
2026-04-27 09:47:42.816 [info] Got 0 sessions for ...
2026-04-27 09:47:42.924 [info] Getting sessions for user:email...
2026-04-27 09:47:42.924 [info] Got 0 sessions for user:email...
2026-04-27 09:47:42.925 [info] Getting sessions for read:user,repo,user:email,workflow...
2026-04-27 09:47:42.925 [info] Got 0 sessions for read:user,repo,user:email,workflow...
2026-04-27 09:47:43.947 [info] Getting sessions for all scopes...
2026-04-27 09:47:43.947 [info] Got 0 sessions for ...
2026-04-27 09:47:43.947 [info] Getting sessions for all scopes...
2026-04-27 09:47:43.947 [info] Got 0 sessions for ...
2026-04-27 09:47:43.947 [info] Getting sessions for all scopes...
2026-04-27 09:47:43.947 [info] Got 0 sessions for ...
2026-04-27 09:47:43.962 [info] Getting sessions for user:email...
2026-04-27 09:47:43.962 [info] Got 0 sessions for user:email...
2026-04-27 09:47:43.962 [info] Getting sessions for read:user,repo,user:email,workflow...
2026-04-27 09:47:43.962 [info] Got 0 sessions for read:user,repo,user:email,workflow...
2026-04-27 09:47:43.980 [info] Getting sessions for all scopes...
2026-04-27 09:47:43.980 [info] Got 0 sessions for ...
2026-04-27 09:47:43.992 [info] Getting sessions for read:user,repo,user:email,workflow...
2026-04-27 09:47:43.992 [info] Got 0 sessions for read:user,repo,user:email,workflow...
2026-04-27 09:47:47.476 [info] Getting sessions for all scopes...
2026-04-27 09:47:47.476 [info] Got 0 sessions for ...
2026-04-27 09:47:47.485 [info] Getting sessions for user:email...
2026-04-27 09:47:47.485 [info] Got 0 sessions for user:email...
2026-04-27 09:47:47.507 [info] Getting sessions for all scopes...
2026-04-27 09:47:47.507 [info] Got 0 sessions for ...
2026-04-27 09:47:47.507 [info] Getting sessions for all scopes...
2026-04-27 09:47:47.507 [info] Got 0 sessions for ...
2026-04-27 09:47:47.564 [info] Getting sessions for user:email...
2026-04-27 09:47:47.565 [info] Got 0 sessions for user:email...
2026-04-27 09:47:47.565 [info] Getting sessions for read:user,repo,user:email,workflow...
2026-04-27 09:47:47.565 [info] Got 0 sessions for read:user,repo,user:email,workflow...
2026-04-27 09:47:47.582 [info] Getting sessions for all scopes...
2026-04-27 09:47:47.582 [info] Got 0 sessions for ...
2026-04-27 09:47:47.592 [info] Getting sessions for read:user,repo,user:email,workflow...
2026-04-27 09:47:47.592 [info] Got 0 sessions for read:user,repo,user:email,workflow...
2026-04-27 09:47:47.700 [info] Getting sessions for all scopes...
2026-04-27 09:47:47.700 [info] Got 0 sessions for ...
2026-04-27 09:47:47.734 [info] Getting sessions for all scopes...
2026-04-27 09:47:47.734 [info] Got 0 sessions for ...
2026-04-27 09:47:55.507 [info] Getting sessions for read:user,repo,user:email,workflow...
2026-04-27 09:47:55.508 [info] Got 0 sessions for read:user,repo,user:email,workflow...
2026-04-27 09:47:55.508 [info] Getting sessions for all scopes...
2026-04-27 09:47:55.508 [info] Got 0 sessions for ...
2026-04-27 09:47:55.721 [info] Getting sessions for read:user,repo,user:email,workflow...
2026-04-27 09:47:55.721 [info] Got 0 sessions for read:user,repo,user:email,workflow...
2026-04-27 09:47:55.735 [info] Getting sessions for all scopes...
2026-04-27 09:47:55.735 [info] Got 0 sessions for ...
2026-04-27 09:47:55.745 [info] Getting sessions for read:user,repo,user:email,workflow...
2026-04-27 09:47:55.745 [info] Got 0 sessions for read:user,repo,user:email,workflow...
2026-04-27 09:48:20.003 [info] Getting sessions for read:user,repo,user:email,workflow...
2026-04-27 09:48:20.003 [info] Got 0 sessions for read:user,repo,user:email,workflow...
