2026-04-27 11:04:56.907 [info] Reading sessions from keychain...
2026-04-27 11:04:56.907 [info] Getting sessions for all scopes...
2026-04-27 11:04:56.907 [info] Got 0 sessions for ...
2026-04-27 11:04:56.907 [info] Getting sessions for all scopes...
2026-04-27 11:04:56.907 [info] Got 0 sessions for ...
2026-04-27 11:04:56.907 [info] Getting sessions for all scopes...
2026-04-27 11:04:56.907 [info] Got 0 sessions for ...
2026-04-27 11:04:56.907 [info] Getting sessions for all scopes...
2026-04-27 11:04:56.907 [info] Got 0 sessions for ...
2026-04-27 11:04:56.912 [info] Getting sessions for all scopes...
2026-04-27 11:04:56.912 [info] Got 0 sessions for ...
2026-04-27 11:04:56.912 [info] Getting sessions for all scopes...
2026-04-27 11:04:56.912 [info] Got 0 sessions for ...
2026-04-27 11:04:56.912 [info] Getting sessions for all scopes...
2026-04-27 11:04:56.912 [info] Got 0 sessions for ...
2026-04-27 11:04:56.990 [info] Getting sessions for user:email...
2026-04-27 11:04:56.990 [info] Got 0 sessions for user:email...
2026-04-27 11:04:56.990 [info] Getting sessions for read:user,repo,user:email,workflow...
2026-04-27 11:04:56.990 [info] Got 0 sessions for read:user,repo,user:email,workflow...
2026-04-27 11:04:57.458 [info] Getting sessions for all scopes...
2026-04-27 11:04:57.458 [info] Got 0 sessions for ...
2026-04-27 11:04:57.458 [info] Getting sessions for all scopes...
2026-04-27 11:04:57.458 [info] Got 0 sessions for ...
2026-04-27 11:04:57.458 [info] Getting sessions for all scopes...
2026-04-27 11:04:57.458 [info] Got 0 sessions for ...
2026-04-27 11:04:57.469 [info] Getting sessions for user:email...
2026-04-27 11:04:57.469 [info] Got 0 sessions for user:email...
2026-04-27 11:04:57.469 [info] Getting sessions for read:user,repo,user:email,workflow...
2026-04-27 11:04:57.469 [info] Got 0 sessions for read:user,repo,user:email,workflow...
2026-04-27 11:04:57.487 [info] Getting sessions for all scopes...
2026-04-27 11:04:57.487 [info] Got 0 sessions for ...
2026-04-27 11:04:57.499 [info] Getting sessions for read:user,repo,user:email,workflow...
2026-04-27 11:04:57.499 [info] Got 0 sessions for read:user,repo,user:email,workflow...
2026-04-27 11:05:01.066 [info] Getting sessions for all scopes...
2026-04-27 11:05:01.066 [info] Got 0 sessions for ...
2026-04-27 11:05:01.081 [info] Getting sessions for user:email...
2026-04-27 11:05:01.081 [info] Got 0 sessions for user:email...
2026-04-27 11:05:01.150 [info] Getting sessions for all scopes...
2026-04-27 11:05:01.150 [info] Got 0 sessions for ...
2026-04-27 11:05:01.160 [info] Getting sessions for user:email...
2026-04-27 11:05:01.160 [info] Got 0 sessions for user:email...
2026-04-27 11:05:01.185 [info] Getting sessions for all scopes...
2026-04-27 11:05:01.185 [info] Got 0 sessions for ...
2026-04-27 11:05:01.185 [info] Getting sessions for all scopes...
2026-04-27 11:05:01.185 [info] Got 0 sessions for ...
2026-04-27 11:05:01.286 [info] Getting sessions for user:email...
2026-04-27 11:05:01.286 [info] Got 0 sessions for user:email...
2026-04-27 11:05:01.286 [info] Getting sessions for read:user,repo,user:email,workflow...
2026-04-27 11:05:01.286 [info] Got 0 sessions for read:user,repo,user:email,workflow...
2026-04-27 11:05:01.336 [info] Getting sessions for all scopes...
2026-04-27 11:05:01.336 [info] Got 0 sessions for ...
2026-04-27 11:05:01.388 [info] Getting sessions for read:user,repo,user:email,workflow...
2026-04-27 11:05:01.388 [info] Got 0 sessions for read:user,repo,user:email,workflow...
2026-04-27 11:05:01.566 [info] Getting sessions for all scopes...
2026-04-27 11:05:01.567 [info] Got 0 sessions for ...
2026-04-27 11:05:01.604 [info] Getting sessions for all scopes...
2026-04-27 11:05:01.605 [info] Got 0 sessions for ...
2026-04-27 11:05:02.400 [info] Getting sessions for read:user,repo,user:email,workflow...
2026-04-27 11:05:02.400 [info] Got 0 sessions for read:user,repo,user:email,workflow...
2026-04-27 11:05:02.401 [info] Getting sessions for all scopes...
2026-04-27 11:05:02.401 [info] Got 0 sessions for ...
2026-04-27 11:05:02.672 [info] Getting sessions for read:user,repo,user:email,workflow...
2026-04-27 11:05:02.672 [info] Got 0 sessions for read:user,repo,user:email,workflow...
2026-04-27 11:05:02.922 [info] Getting sessions for all scopes...
2026-04-27 11:05:02.923 [info] Got 0 sessions for ...
2026-04-27 11:05:02.986 [info] Getting sessions for read:user,repo,user:email,workflow...
2026-04-27 11:05:02.986 [info] Got 0 sessions for read:user,repo,user:email,workflow...
2026-04-27 11:05:28.849 [info] Getting sessions for read:user,repo,user:email,workflow...
2026-04-27 11:05:28.849 [info] Got 0 sessions for read:user,repo,user:email,workflow...
2026-04-27 11:13:24.105 [info] Getting sessions for all scopes...
2026-04-27 11:13:24.105 [info] Got 0 sessions for ...
2026-04-27 11:13:24.115 [info] Getting sessions for read:user,repo,user:email,workflow...
2026-04-27 11:13:24.115 [info] Got 0 sessions for read:user,repo,user:email,workflow...
