2026-04-27 10:40:04.379 [info] Reading sessions from keychain...
2026-04-27 10:40:04.379 [info] Getting sessions for all scopes...
2026-04-27 10:40:04.379 [info] Got 0 sessions for ...
2026-04-27 10:40:04.379 [info] Getting sessions for all scopes...
2026-04-27 10:40:04.379 [info] Got 0 sessions for ...
2026-04-27 10:40:04.379 [info] Getting sessions for all scopes...
2026-04-27 10:40:04.379 [info] Got 0 sessions for ...
2026-04-27 10:40:04.379 [info] Getting sessions for all scopes...
2026-04-27 10:40:04.379 [info] Got 0 sessions for ...
2026-04-27 10:40:04.380 [info] Getting sessions for all scopes...
2026-04-27 10:40:04.380 [info] Got 0 sessions for ...
2026-04-27 10:40:04.380 [info] Getting sessions for all scopes...
2026-04-27 10:40:04.380 [info] Got 0 sessions for ...
2026-04-27 10:40:04.380 [info] Getting sessions for all scopes...
2026-04-27 10:40:04.380 [info] Got 0 sessions for ...
2026-04-27 10:40:04.380 [info] Getting sessions for read:user,repo,user:email,workflow...
2026-04-27 10:40:04.380 [info] Got 0 sessions for read:user,repo,user:email,workflow...
2026-04-27 10:40:04.380 [info] Getting sessions for all scopes...
2026-04-27 10:40:04.380 [info] Got 0 sessions for ...
2026-04-27 10:40:04.444 [info] Getting sessions for user:email...
2026-04-27 10:40:04.444 [info] Got 0 sessions for user:email...
2026-04-27 10:40:04.444 [info] Getting sessions for read:user,repo,user:email,workflow...
2026-04-27 10:40:04.444 [info] Got 0 sessions for read:user,repo,user:email,workflow...
2026-04-27 10:40:04.444 [info] Getting sessions for read:user,repo,user:email,workflow...
2026-04-27 10:40:04.444 [info] Got 0 sessions for read:user,repo,user:email,workflow...
2026-04-27 10:40:04.511 [info] Getting sessions for all scopes...
2026-04-27 10:40:04.511 [info] Got 0 sessions for ...
2026-04-27 10:40:04.519 [info] Getting sessions for read:user,repo,user:email,workflow...
2026-04-27 10:40:04.519 [info] Got 0 sessions for read:user,repo,user:email,workflow...
2026-04-27 10:40:23.843 [info] Getting sessions for all scopes...
2026-04-27 10:40:23.844 [info] Got 0 sessions for ...
2026-04-27 10:40:23.857 [info] Getting sessions for user:email...
2026-04-27 10:40:23.857 [info] Got 0 sessions for user:email...
2026-04-27 10:40:23.883 [info] Getting sessions for all scopes...
2026-04-27 10:40:23.883 [info] Got 0 sessions for ...
2026-04-27 10:40:23.883 [info] Getting sessions for all scopes...
2026-04-27 10:40:23.883 [info] Got 0 sessions for ...
2026-04-27 10:40:23.901 [info] Getting sessions for user:email...
2026-04-27 10:40:23.901 [info] Got 0 sessions for user:email...
2026-04-27 10:40:23.902 [info] Getting sessions for read:user,repo,user:email,workflow...
2026-04-27 10:40:23.902 [info] Got 0 sessions for read:user,repo,user:email,workflow...
2026-04-27 10:40:23.956 [info] Getting sessions for all scopes...
2026-04-27 10:40:23.956 [info] Got 0 sessions for ...
2026-04-27 10:40:23.969 [info] Getting sessions for read:user,repo,user:email,workflow...
2026-04-27 10:40:23.969 [info] Got 0 sessions for read:user,repo,user:email,workflow...
2026-04-27 10:40:24.374 [info] Getting sessions for all scopes...
2026-04-27 10:40:24.374 [info] Got 0 sessions for ...
2026-04-27 10:40:24.384 [info] Getting sessions for read:user,repo,user:email,workflow...
2026-04-27 10:40:24.384 [info] Got 0 sessions for read:user,repo,user:email,workflow...
2026-04-27 10:40:24.847 [info] Getting sessions for all scopes...
2026-04-27 10:40:24.847 [info] Got 0 sessions for ...
2026-04-27 10:40:24.851 [info] Getting sessions for all scopes...
2026-04-27 10:40:24.851 [info] Got 0 sessions for ...
