2026-04-25 16:55:18.551 [info] Reading sessions from keychain...
2026-04-25 16:55:18.551 [info] Getting sessions for all scopes...
2026-04-25 16:55:18.551 [info] Got 0 sessions for ...
2026-04-25 16:55:18.551 [info] Getting sessions for all scopes...
2026-04-25 16:55:18.551 [info] Got 0 sessions for ...
2026-04-25 16:55:18.551 [info] Getting sessions for all scopes...
2026-04-25 16:55:18.551 [info] Got 0 sessions for ...
2026-04-25 16:55:18.551 [info] Getting sessions for all scopes...
2026-04-25 16:55:18.551 [info] Got 0 sessions for ...
2026-04-25 16:55:18.551 [info] Getting sessions for all scopes...
2026-04-25 16:55:18.551 [info] Got 0 sessions for ...
2026-04-25 16:55:18.551 [info] Getting sessions for all scopes...
2026-04-25 16:55:18.551 [info] Got 0 sessions for ...
2026-04-25 16:55:18.551 [info] Getting sessions for all scopes...
2026-04-25 16:55:18.551 [info] Got 0 sessions for ...
2026-04-25 16:55:18.643 [info] Getting sessions for user:email...
2026-04-25 16:55:18.643 [info] Got 0 sessions for user:email...
2026-04-25 16:55:18.643 [info] Getting sessions for read:user,repo,user:email,workflow...
2026-04-25 16:55:18.643 [info] Got 0 sessions for read:user,repo,user:email,workflow...
2026-04-25 16:55:20.696 [info] Getting sessions for all scopes...
2026-04-25 16:55:20.696 [info] Got 0 sessions for ...
2026-04-25 16:55:20.696 [info] Getting sessions for all scopes...
2026-04-25 16:55:20.696 [info] Got 0 sessions for ...
2026-04-25 16:55:20.696 [info] Getting sessions for all scopes...
2026-04-25 16:55:20.696 [info] Got 0 sessions for ...
2026-04-25 16:55:22.827 [info] Getting sessions for user:email...
2026-04-25 16:55:22.827 [info] Got 0 sessions for user:email...
2026-04-25 16:55:22.827 [info] Getting sessions for read:user,repo,user:email,workflow...
2026-04-25 16:55:22.827 [info] Got 0 sessions for read:user,repo,user:email,workflow...
2026-04-25 16:55:22.916 [info] Getting sessions for all scopes...
2026-04-25 16:55:22.916 [info] Got 0 sessions for ...
2026-04-25 16:55:22.929 [info] Getting sessions for read:user,repo,user:email,workflow...
2026-04-25 16:55:22.929 [info] Got 0 sessions for read:user,repo,user:email,workflow...
2026-04-25 16:55:22.981 [info] Getting sessions for all scopes...
2026-04-25 16:55:22.981 [info] Got 0 sessions for ...
2026-04-25 16:55:23.012 [info] Getting sessions for user:email...
2026-04-25 16:55:23.012 [info] Got 0 sessions for user:email...
2026-04-25 16:55:23.062 [info] Getting sessions for all scopes...
2026-04-25 16:55:23.062 [info] Got 0 sessions for ...
2026-04-25 16:55:23.062 [info] Getting sessions for all scopes...
2026-04-25 16:55:23.062 [info] Got 0 sessions for ...
2026-04-25 16:55:23.080 [info] Getting sessions for user:email...
2026-04-25 16:55:23.080 [info] Got 0 sessions for user:email...
2026-04-25 16:55:23.080 [info] Getting sessions for read:user,repo,user:email,workflow...
2026-04-25 16:55:23.080 [info] Got 0 sessions for read:user,repo,user:email,workflow...
2026-04-25 16:55:23.095 [info] Getting sessions for all scopes...
2026-04-25 16:55:23.095 [info] Got 0 sessions for ...
2026-04-25 16:55:23.103 [info] Getting sessions for read:user,repo,user:email,workflow...
2026-04-25 16:55:23.103 [info] Got 0 sessions for read:user,repo,user:email,workflow...
2026-04-25 16:55:23.202 [info] Getting sessions for all scopes...
2026-04-25 16:55:23.202 [info] Got 0 sessions for ...
2026-04-25 16:55:23.207 [info] Getting sessions for all scopes...
2026-04-25 16:55:23.207 [info] Got 0 sessions for ...
2026-04-25 16:55:25.126 [info] Getting sessions for all scopes...
2026-04-25 16:55:25.126 [info] Got 0 sessions for ...
2026-04-25 16:55:25.199 [info] Getting sessions for read:user,repo,user:email,workflow...
2026-04-25 16:55:25.200 [info] Got 0 sessions for read:user,repo,user:email,workflow...
2026-04-25 16:55:25.474 [info] Getting sessions for read:user,repo,user:email,workflow...
2026-04-25 16:55:25.474 [info] Got 0 sessions for read:user,repo,user:email,workflow...
2026-04-25 16:55:25.573 [info] Getting sessions for all scopes...
2026-04-25 16:55:25.573 [info] Got 0 sessions for ...
2026-04-25 16:55:25.592 [info] Getting sessions for read:user,repo,user:email,workflow...
2026-04-25 16:55:25.592 [info] Got 0 sessions for read:user,repo,user:email,workflow...
2026-04-25 16:55:56.930 [info] Getting sessions for read:user,repo,user:email,workflow...
2026-04-25 16:55:56.930 [info] Got 0 sessions for read:user,repo,user:email,workflow...
