2026-04-27 11:05:01.063 [info] [main] Log level: Info
2026-04-27 11:05:01.063 [info] [main] Validating found git in: "git"
2026-04-27 11:05:01.063 [info] [main] Using git "2.34.1" from "git"
2026-04-27 11:05:01.063 [info] [Model][doInitialScan] Initial repository scan started
2026-04-27 11:05:01.063 [info] > git rev-parse --show-toplevel [2ms]
2026-04-27 11:05:01.180 [info] > git rev-parse --git-dir --git-common-dir --show-superproject-working-tree [195ms]
2026-04-27 11:05:01.201 [info] [Model][openRepository] Opened repository (path): /home/guan/code-server-me
2026-04-27 11:05:01.201 [info] [Model][openRepository] Opened repository (real path): /home/guan/code-server-me
2026-04-27 11:05:01.201 [info] [Model][openRepository] Opened repository (kind): repository
2026-04-27 11:05:01.226 [info] > git rev-parse --show-toplevel [2ms]
2026-04-27 11:05:01.243 [info] > git config --get commit.template [24ms]
2026-04-27 11:05:01.244 [info] > git rev-parse --show-toplevel [4ms]
2026-04-27 11:05:01.254 [info] > git rev-parse --show-toplevel [3ms]
2026-04-27 11:05:01.264 [info] > git rev-parse --show-toplevel [1ms]
2026-04-27 11:05:01.271 [info] > git rev-parse --show-toplevel [1ms]
2026-04-27 11:05:01.279 [info] > git rev-parse --show-toplevel [2ms]
2026-04-27 11:05:01.287 [info] > git rev-parse --show-toplevel [1ms]
2026-04-27 11:05:01.295 [info] > git rev-parse --show-toplevel [3ms]
2026-04-27 11:05:01.306 [info] > git rev-parse --show-toplevel [5ms]
2026-04-27 11:05:01.314 [info] > git rev-parse --show-toplevel [1ms]
2026-04-27 11:05:01.322 [info] > git rev-parse --show-toplevel [2ms]
2026-04-27 11:05:01.329 [info] > git rev-parse --show-toplevel [1ms]
2026-04-27 11:05:01.336 [info] > git rev-parse --show-toplevel [1ms]
2026-04-27 11:05:01.344 [info] > git rev-parse --show-toplevel [2ms]
2026-04-27 11:05:01.352 [info] > git rev-parse --show-toplevel [1ms]
2026-04-27 11:05:01.359 [info] > git rev-parse --show-toplevel [1ms]
2026-04-27 11:05:01.367 [info] > git rev-parse --show-toplevel [2ms]
2026-04-27 11:05:01.374 [info] > git rev-parse --show-toplevel [1ms]
2026-04-27 11:05:01.382 [info] > git rev-parse --show-toplevel [1ms]
2026-04-27 11:05:01.389 [info] > git rev-parse --show-toplevel [2ms]
2026-04-27 11:05:01.391 [info] [Model][doInitialScan] Initial repository scan completed - repositories (1), closed repositories (0), parent repositories (0), unsafe repositories (0)
2026-04-27 11:05:01.519 [info] > git for-each-ref --format %(refname)%00%(objectname)%00%(*objectname) refs/tags [285ms]
2026-04-27 11:05:01.602 [info] > git for-each-ref --sort -committerdate --format %(refname)%00%(objectname)%00%(*objectname) [53ms]
2026-04-27 11:05:01.763 [info] > git check-ignore -v -z --stdin [2ms]
2026-04-27 11:05:02.304 [info] > git status -z -uall [771ms]
2026-04-27 11:05:02.364 [info] > git config --get commit.template [2ms]
2026-04-27 11:05:02.374 [info] > git for-each-ref --format %(refname)%00%(objectname)%00%(*objectname) refs/tags [4ms]
2026-04-27 11:05:02.395 [info] > git for-each-ref --sort -committerdate --format %(refname)%00%(objectname)%00%(*objectname) [8ms]
2026-04-27 11:05:02.596 [info] > git status -z -uall [215ms]
2026-04-27 11:05:03.107 [info] > git rev-parse --show-toplevel [2ms]
2026-04-27 11:05:03.449 [info] > git rev-parse --git-dir --git-common-dir --show-superproject-working-tree [336ms]
2026-04-27 11:05:03.457 [info] [Model][openRepository] Opened repository (path): /home/guan/code-server-me/lib/vscode
2026-04-27 11:05:03.457 [info] [Model][openRepository] Opened repository (real path): /home/guan/code-server-me/lib/vscode
2026-04-27 11:05:03.457 [info] [Model][openRepository] Opened repository (kind): submodule
2026-04-27 11:05:03.471 [info] > git config --get commit.template [8ms]
2026-04-27 11:05:03.984 [info] > git check-ignore -v -z --stdin [2ms]
2026-04-27 11:05:25.917 [info] > git for-each-ref --format %(refname)%00%(objectname)%00%(*objectname) refs/tags [22448ms]
2026-04-27 11:05:25.974 [info] > git status -z -uall [51ms]
2026-04-27 11:05:28.679 [info] > git for-each-ref --sort -committerdate --format %(refname)%00%(objectname)%00%(*objectname) [2747ms]
2026-04-27 11:05:28.763 [info] > git config --get commit.template [7ms]
2026-04-27 11:05:28.775 [info] > git for-each-ref --format %(refname)%00%(objectname)%00%(*objectname) refs/tags [12ms]
2026-04-27 11:05:28.847 [info] > git status -z -uall [66ms]
2026-04-27 11:05:28.879 [info] > git for-each-ref --sort -committerdate --format %(refname)%00%(objectname)%00%(*objectname) [91ms]
2026-04-27 11:05:29.389 [info] > git rev-parse --show-toplevel [2ms]
2026-04-27 11:05:29.389 [info] fatal: this operation must be run in a work tree
2026-04-27 11:05:31.380 [info] > git config --get commit.template [8ms]
2026-04-27 11:05:31.386 [info] > git for-each-ref --format %(refname)%00%(objectname)%00%(*objectname) refs/tags [7ms]
2026-04-27 11:05:31.405 [info] > git for-each-ref --sort -committerdate --format %(refname)%00%(objectname)%00%(*objectname) [6ms]
2026-04-27 11:05:31.457 [info] > git status -z -uall [65ms]
2026-04-27 11:05:36.492 [info] > git config --get commit.template [8ms]
2026-04-27 11:05:36.496 [info] > git for-each-ref --format %(refname)%00%(objectname)%00%(*objectname) refs/tags [5ms]
2026-04-27 11:05:36.516 [info] > git for-each-ref --sort -committerdate --format %(refname)%00%(objectname)%00%(*objectname) [7ms]
2026-04-27 11:05:36.565 [info] > git status -z -uall [63ms]
2026-04-27 11:05:41.596 [info] > git config --get commit.template [8ms]
2026-04-27 11:05:41.600 [info] > git for-each-ref --format %(refname)%00%(objectname)%00%(*objectname) refs/tags [5ms]
2026-04-27 11:05:41.619 [info] > git for-each-ref --sort -committerdate --format %(refname)%00%(objectname)%00%(*objectname) [8ms]
2026-04-27 11:05:41.671 [info] > git status -z -uall [66ms]
2026-04-27 11:05:46.699 [info] > git config --get commit.template [7ms]
2026-04-27 11:05:46.703 [info] > git for-each-ref --format %(refname)%00%(objectname)%00%(*objectname) refs/tags [4ms]
2026-04-27 11:05:46.726 [info] > git for-each-ref --sort -committerdate --format %(refname)%00%(objectname)%00%(*objectname) [11ms]
2026-04-27 11:05:46.775 [info] > git status -z -uall [66ms]
2026-04-27 11:05:51.807 [info] > git config --get commit.template [7ms]
2026-04-27 11:05:51.811 [info] > git for-each-ref --format %(refname)%00%(objectname)%00%(*objectname) refs/tags [5ms]
2026-04-27 11:05:51.829 [info] > git for-each-ref --sort -committerdate --format %(refname)%00%(objectname)%00%(*objectname) [7ms]
2026-04-27 11:05:51.878 [info] > git status -z -uall [61ms]
2026-04-27 11:05:56.912 [info] > git config --get commit.template [7ms]
2026-04-27 11:05:56.916 [info] > git for-each-ref --format %(refname)%00%(objectname)%00%(*objectname) refs/tags [5ms]
2026-04-27 11:05:56.934 [info] > git for-each-ref --sort -committerdate --format %(refname)%00%(objectname)%00%(*objectname) [7ms]
2026-04-27 11:05:56.986 [info] > git status -z -uall [65ms]
2026-04-27 11:06:02.016 [info] > git config --get commit.template [7ms]
2026-04-27 11:06:02.020 [info] > git for-each-ref --format %(refname)%00%(objectname)%00%(*objectname) refs/tags [5ms]
2026-04-27 11:06:02.046 [info] > git for-each-ref --sort -committerdate --format %(refname)%00%(objectname)%00%(*objectname) [15ms]
2026-04-27 11:06:02.100 [info] > git status -z -uall [74ms]
2026-04-27 11:06:07.137 [info] > git config --get commit.template [6ms]
2026-04-27 11:06:07.141 [info] > git for-each-ref --format %(refname)%00%(objectname)%00%(*objectname) refs/tags [4ms]
2026-04-27 11:06:07.162 [info] > git for-each-ref --sort -committerdate --format %(refname)%00%(objectname)%00%(*objectname) [9ms]
2026-04-27 11:06:07.215 [info] > git status -z -uall [68ms]
2026-04-27 11:06:12.244 [info] > git config --get commit.template [7ms]
2026-04-27 11:06:12.247 [info] > git for-each-ref --format %(refname)%00%(objectname)%00%(*objectname) refs/tags [4ms]
2026-04-27 11:06:12.266 [info] > git for-each-ref --sort -committerdate --format %(refname)%00%(objectname)%00%(*objectname) [7ms]
2026-04-27 11:06:12.316 [info] > git status -z -uall [63ms]
2026-04-27 11:06:17.351 [info] > git config --get commit.template [9ms]
2026-04-27 11:06:17.355 [info] > git for-each-ref --format %(refname)%00%(objectname)%00%(*objectname) refs/tags [5ms]
2026-04-27 11:06:17.374 [info] > git for-each-ref --sort -committerdate --format %(refname)%00%(objectname)%00%(*objectname) [8ms]
2026-04-27 11:06:17.423 [info] > git status -z -uall [62ms]
2026-04-27 11:06:22.505 [info] > git config --get commit.template [58ms]
2026-04-27 11:06:22.509 [info] > git for-each-ref --format %(refname)%00%(objectname)%00%(*objectname) refs/tags [5ms]
2026-04-27 11:06:22.529 [info] > git for-each-ref --sort -committerdate --format %(refname)%00%(objectname)%00%(*objectname) [7ms]
2026-04-27 11:06:22.579 [info] > git status -z -uall [64ms]
2026-04-27 11:06:27.610 [info] > git config --get commit.template [8ms]
2026-04-27 11:06:27.614 [info] > git for-each-ref --format %(refname)%00%(objectname)%00%(*objectname) refs/tags [6ms]
2026-04-27 11:06:27.636 [info] > git for-each-ref --sort -committerdate --format %(refname)%00%(objectname)%00%(*objectname) [9ms]
2026-04-27 11:06:27.684 [info] > git status -z -uall [64ms]
2026-04-27 11:06:32.713 [info] > git config --get commit.template [8ms]
2026-04-27 11:06:32.717 [info] > git for-each-ref --format %(refname)%00%(objectname)%00%(*objectname) refs/tags [5ms]
2026-04-27 11:06:32.736 [info] > git for-each-ref --sort -committerdate --format %(refname)%00%(objectname)%00%(*objectname) [7ms]
2026-04-27 11:06:32.786 [info] > git status -z -uall [63ms]
2026-04-27 11:06:37.817 [info] > git config --get commit.template [7ms]
2026-04-27 11:06:37.820 [info] > git for-each-ref --format %(refname)%00%(objectname)%00%(*objectname) refs/tags [4ms]
2026-04-27 11:06:37.839 [info] > git for-each-ref --sort -committerdate --format %(refname)%00%(objectname)%00%(*objectname) [6ms]
2026-04-27 11:06:37.892 [info] > git status -z -uall [66ms]
2026-04-27 11:06:44.262 [info] > git config --get commit.template [8ms]
2026-04-27 11:06:44.266 [info] > git for-each-ref --format %(refname)%00%(objectname)%00%(*objectname) refs/tags [5ms]
2026-04-27 11:06:44.285 [info] > git for-each-ref --sort -committerdate --format %(refname)%00%(objectname)%00%(*objectname) [8ms]
2026-04-27 11:06:44.336 [info] > git status -z -uall [64ms]
2026-04-27 11:06:49.365 [info] > git config --get commit.template [7ms]
2026-04-27 11:06:49.369 [info] > git for-each-ref --format %(refname)%00%(objectname)%00%(*objectname) refs/tags [4ms]
2026-04-27 11:06:49.388 [info] > git for-each-ref --sort -committerdate --format %(refname)%00%(objectname)%00%(*objectname) [7ms]
2026-04-27 11:06:49.437 [info] > git status -z -uall [62ms]
2026-04-27 11:06:54.470 [info] > git config --get commit.template [8ms]
2026-04-27 11:06:54.474 [info] > git for-each-ref --format %(refname)%00%(objectname)%00%(*objectname) refs/tags [5ms]
2026-04-27 11:06:54.493 [info] > git for-each-ref --sort -committerdate --format %(refname)%00%(objectname)%00%(*objectname) [7ms]
2026-04-27 11:06:54.542 [info] > git status -z -uall [63ms]
2026-04-27 11:06:59.570 [info] > git config --get commit.template [7ms]
2026-04-27 11:06:59.574 [info] > git for-each-ref --format %(refname)%00%(objectname)%00%(*objectname) refs/tags [5ms]
2026-04-27 11:06:59.592 [info] > git for-each-ref --sort -committerdate --format %(refname)%00%(objectname)%00%(*objectname) [7ms]
2026-04-27 11:06:59.642 [info] > git status -z -uall [63ms]
2026-04-27 11:07:04.670 [info] > git config --get commit.template [7ms]
2026-04-27 11:07:04.674 [info] > git for-each-ref --format %(refname)%00%(objectname)%00%(*objectname) refs/tags [4ms]
2026-04-27 11:07:04.692 [info] > git for-each-ref --sort -committerdate --format %(refname)%00%(objectname)%00%(*objectname) [7ms]
2026-04-27 11:07:04.741 [info] > git status -z -uall [61ms]
2026-04-27 11:07:09.795 [info] > git config --get commit.template [9ms]
2026-04-27 11:07:09.799 [info] > git for-each-ref --format %(refname)%00%(objectname)%00%(*objectname) refs/tags [5ms]
2026-04-27 11:07:09.819 [info] > git for-each-ref --sort -committerdate --format %(refname)%00%(objectname)%00%(*objectname) [8ms]
2026-04-27 11:07:09.868 [info] > git status -z -uall [63ms]
2026-04-27 11:07:14.896 [info] > git config --get commit.template [7ms]
2026-04-27 11:07:14.900 [info] > git for-each-ref --format %(refname)%00%(objectname)%00%(*objectname) refs/tags [5ms]
2026-04-27 11:07:14.919 [info] > git for-each-ref --sort -committerdate --format %(refname)%00%(objectname)%00%(*objectname) [7ms]
2026-04-27 11:07:14.969 [info] > git status -z -uall [63ms]
2026-04-27 11:07:19.998 [info] > git config --get commit.template [7ms]
2026-04-27 11:07:20.002 [info] > git for-each-ref --format %(refname)%00%(objectname)%00%(*objectname) refs/tags [5ms]
2026-04-27 11:07:20.021 [info] > git for-each-ref --sort -committerdate --format %(refname)%00%(objectname)%00%(*objectname) [7ms]
2026-04-27 11:07:20.070 [info] > git status -z -uall [61ms]
2026-04-27 11:07:25.101 [info] > git config --get commit.template [7ms]
2026-04-27 11:07:25.105 [info] > git for-each-ref --format %(refname)%00%(objectname)%00%(*objectname) refs/tags [5ms]
2026-04-27 11:07:25.123 [info] > git for-each-ref --sort -committerdate --format %(refname)%00%(objectname)%00%(*objectname) [6ms]
2026-04-27 11:07:25.173 [info] > git status -z -uall [62ms]
2026-04-27 11:07:30.202 [info] > git config --get commit.template [7ms]
2026-04-27 11:07:30.206 [info] > git for-each-ref --format %(refname)%00%(objectname)%00%(*objectname) refs/tags [5ms]
2026-04-27 11:07:30.224 [info] > git for-each-ref --sort -committerdate --format %(refname)%00%(objectname)%00%(*objectname) [6ms]
2026-04-27 11:07:30.385 [info] > git status -z -uall [174ms]
2026-04-27 11:07:35.418 [info] > git config --get commit.template [7ms]
2026-04-27 11:07:35.421 [info] > git for-each-ref --format %(refname)%00%(objectname)%00%(*objectname) refs/tags [4ms]
2026-04-27 11:07:35.441 [info] > git for-each-ref --sort -committerdate --format %(refname)%00%(objectname)%00%(*objectname) [8ms]
2026-04-27 11:07:35.488 [info] > git status -z -uall [61ms]
2026-04-27 11:07:40.515 [info] > git config --get commit.template [7ms]
2026-04-27 11:07:40.519 [info] > git for-each-ref --format %(refname)%00%(objectname)%00%(*objectname) refs/tags [4ms]
2026-04-27 11:07:40.538 [info] > git for-each-ref --sort -committerdate --format %(refname)%00%(objectname)%00%(*objectname) [7ms]
2026-04-27 11:07:40.585 [info] > git status -z -uall [60ms]
2026-04-27 11:07:45.616 [info] > git config --get commit.template [7ms]
2026-04-27 11:07:45.620 [info] > git for-each-ref --format %(refname)%00%(objectname)%00%(*objectname) refs/tags [5ms]
2026-04-27 11:07:45.639 [info] > git for-each-ref --sort -committerdate --format %(refname)%00%(objectname)%00%(*objectname) [6ms]
2026-04-27 11:07:45.687 [info] > git status -z -uall [61ms]
2026-04-27 11:07:50.716 [info] > git config --get commit.template [8ms]
2026-04-27 11:07:50.719 [info] > git for-each-ref --format %(refname)%00%(objectname)%00%(*objectname) refs/tags [4ms]
2026-04-27 11:07:50.738 [info] > git for-each-ref --sort -committerdate --format %(refname)%00%(objectname)%00%(*objectname) [7ms]
2026-04-27 11:07:50.787 [info] > git status -z -uall [62ms]
2026-04-27 11:07:55.816 [info] > git config --get commit.template [7ms]
2026-04-27 11:07:55.820 [info] > git for-each-ref --format %(refname)%00%(objectname)%00%(*objectname) refs/tags [5ms]
2026-04-27 11:07:55.838 [info] > git for-each-ref --sort -committerdate --format %(refname)%00%(objectname)%00%(*objectname) [7ms]
2026-04-27 11:07:55.893 [info] > git status -z -uall [68ms]
2026-04-27 11:08:00.925 [info] > git config --get commit.template [7ms]
2026-04-27 11:08:00.929 [info] > git for-each-ref --format %(refname)%00%(objectname)%00%(*objectname) refs/tags [4ms]
2026-04-27 11:08:00.947 [info] > git for-each-ref --sort -committerdate --format %(refname)%00%(objectname)%00%(*objectname) [6ms]
2026-04-27 11:08:01.002 [info] > git status -z -uall [67ms]
2026-04-27 11:08:09.556 [info] > git config --get commit.template [2ms]
2026-04-27 11:08:09.565 [info] > git for-each-ref --format %(refname)%00%(objectname)%00%(*objectname) refs/tags [4ms]
2026-04-27 11:08:09.584 [info] > git for-each-ref --sort -committerdate --format %(refname)%00%(objectname)%00%(*objectname) [7ms]
2026-04-27 11:08:09.633 [info] > git status -z -uall [62ms]
2026-04-27 11:08:14.675 [info] > git config --get commit.template [10ms]
2026-04-27 11:08:14.680 [info] > git for-each-ref --format %(refname)%00%(objectname)%00%(*objectname) refs/tags [5ms]
2026-04-27 11:08:14.700 [info] > git for-each-ref --sort -committerdate --format %(refname)%00%(objectname)%00%(*objectname) [7ms]
2026-04-27 11:08:14.764 [info] > git status -z -uall [77ms]
2026-04-27 11:08:19.812 [info] > git config --get commit.template [15ms]
2026-04-27 11:08:19.818 [info] > git for-each-ref --format %(refname)%00%(objectname)%00%(*objectname) refs/tags [8ms]
2026-04-27 11:08:19.839 [info] > git for-each-ref --sort -committerdate --format %(refname)%00%(objectname)%00%(*objectname) [6ms]
2026-04-27 11:08:19.893 [info] > git status -z -uall [67ms]
2026-04-27 11:08:24.925 [info] > git config --get commit.template [7ms]
2026-04-27 11:08:24.928 [info] > git for-each-ref --format %(refname)%00%(objectname)%00%(*objectname) refs/tags [4ms]
2026-04-27 11:08:24.947 [info] > git for-each-ref --sort -committerdate --format %(refname)%00%(objectname)%00%(*objectname) [7ms]
2026-04-27 11:08:24.996 [info] > git status -z -uall [62ms]
2026-04-27 11:08:30.026 [info] > git config --get commit.template [8ms]
2026-04-27 11:08:30.030 [info] > git for-each-ref --format %(refname)%00%(objectname)%00%(*objectname) refs/tags [5ms]
2026-04-27 11:08:30.049 [info] > git for-each-ref --sort -committerdate --format %(refname)%00%(objectname)%00%(*objectname) [7ms]
2026-04-27 11:08:30.099 [info] > git status -z -uall [63ms]
2026-04-27 11:08:35.140 [info] > git config --get commit.template [8ms]
2026-04-27 11:08:35.143 [info] > git for-each-ref --format %(refname)%00%(objectname)%00%(*objectname) refs/tags [4ms]
2026-04-27 11:08:35.163 [info] > git for-each-ref --sort -committerdate --format %(refname)%00%(objectname)%00%(*objectname) [7ms]
2026-04-27 11:08:35.213 [info] > git status -z -uall [64ms]
2026-04-27 11:08:40.243 [info] > git config --get commit.template [7ms]
2026-04-27 11:08:40.247 [info] > git for-each-ref --format %(refname)%00%(objectname)%00%(*objectname) refs/tags [5ms]
2026-04-27 11:08:40.266 [info] > git for-each-ref --sort -committerdate --format %(refname)%00%(objectname)%00%(*objectname) [7ms]
2026-04-27 11:08:40.314 [info] > git status -z -uall [61ms]
2026-04-27 11:08:45.344 [info] > git config --get commit.template [8ms]
2026-04-27 11:08:45.347 [info] > git for-each-ref --format %(refname)%00%(objectname)%00%(*objectname) refs/tags [4ms]
2026-04-27 11:08:45.368 [info] > git for-each-ref --sort -committerdate --format %(refname)%00%(objectname)%00%(*objectname) [8ms]
2026-04-27 11:08:45.417 [info] > git status -z -uall [64ms]
2026-04-27 11:08:50.461 [info] > git config --get commit.template [11ms]
2026-04-27 11:08:50.465 [info] > git for-each-ref --format %(refname)%00%(objectname)%00%(*objectname) refs/tags [5ms]
2026-04-27 11:08:50.484 [info] > git for-each-ref --sort -committerdate --format %(refname)%00%(objectname)%00%(*objectname) [6ms]
2026-04-27 11:08:50.532 [info] > git status -z -uall [60ms]
2026-04-27 11:08:55.563 [info] > git config --get commit.template [8ms]
2026-04-27 11:08:55.567 [info] > git for-each-ref --format %(refname)%00%(objectname)%00%(*objectname) refs/tags [5ms]
2026-04-27 11:08:55.588 [info] > git for-each-ref --sort -committerdate --format %(refname)%00%(objectname)%00%(*objectname) [7ms]
2026-04-27 11:08:55.637 [info] > git status -z -uall [63ms]
2026-04-27 11:09:00.667 [info] > git config --get commit.template [8ms]
2026-04-27 11:09:00.671 [info] > git for-each-ref --format %(refname)%00%(objectname)%00%(*objectname) refs/tags [5ms]
2026-04-27 11:09:00.690 [info] > git for-each-ref --sort -committerdate --format %(refname)%00%(objectname)%00%(*objectname) [6ms]
2026-04-27 11:09:00.738 [info] > git status -z -uall [61ms]
2026-04-27 11:09:05.769 [info] > git config --get commit.template [8ms]
2026-04-27 11:09:05.773 [info] > git for-each-ref --format %(refname)%00%(objectname)%00%(*objectname) refs/tags [5ms]
2026-04-27 11:09:05.793 [info] > git for-each-ref --sort -committerdate --format %(refname)%00%(objectname)%00%(*objectname) [7ms]
2026-04-27 11:09:05.843 [info] > git status -z -uall [64ms]
2026-04-27 11:09:10.875 [info] > git config --get commit.template [7ms]
2026-04-27 11:09:10.879 [info] > git for-each-ref --format %(refname)%00%(objectname)%00%(*objectname) refs/tags [5ms]
2026-04-27 11:09:10.901 [info] > git for-each-ref --sort -committerdate --format %(refname)%00%(objectname)%00%(*objectname) [8ms]
2026-04-27 11:09:10.953 [info] > git status -z -uall [67ms]
2026-04-27 11:09:15.985 [info] > git config --get commit.template [7ms]
2026-04-27 11:09:15.989 [info] > git for-each-ref --format %(refname)%00%(objectname)%00%(*objectname) refs/tags [5ms]
2026-04-27 11:09:16.010 [info] > git for-each-ref --sort -committerdate --format %(refname)%00%(objectname)%00%(*objectname) [9ms]
2026-04-27 11:09:16.058 [info] > git status -z -uall [62ms]
2026-04-27 11:09:21.091 [info] > git config --get commit.template [7ms]
2026-04-27 11:09:21.095 [info] > git for-each-ref --format %(refname)%00%(objectname)%00%(*objectname) refs/tags [5ms]
2026-04-27 11:09:21.113 [info] > git for-each-ref --sort -committerdate --format %(refname)%00%(objectname)%00%(*objectname) [7ms]
2026-04-27 11:09:21.161 [info] > git status -z -uall [61ms]
2026-04-27 11:09:26.191 [info] > git config --get commit.template [7ms]
2026-04-27 11:09:26.195 [info] > git for-each-ref --format %(refname)%00%(objectname)%00%(*objectname) refs/tags [4ms]
2026-04-27 11:09:26.214 [info] > git for-each-ref --sort -committerdate --format %(refname)%00%(objectname)%00%(*objectname) [6ms]
2026-04-27 11:09:26.264 [info] > git status -z -uall [63ms]
2026-04-27 11:09:31.297 [info] > git config --get commit.template [7ms]
2026-04-27 11:09:31.300 [info] > git for-each-ref --format %(refname)%00%(objectname)%00%(*objectname) refs/tags [4ms]
2026-04-27 11:09:31.319 [info] > git for-each-ref --sort -committerdate --format %(refname)%00%(objectname)%00%(*objectname) [7ms]
2026-04-27 11:09:31.367 [info] > git status -z -uall [61ms]
2026-04-27 11:09:36.400 [info] > git config --get commit.template [8ms]
2026-04-27 11:09:36.405 [info] > git for-each-ref --format %(refname)%00%(objectname)%00%(*objectname) refs/tags [6ms]
2026-04-27 11:09:36.425 [info] > git for-each-ref --sort -committerdate --format %(refname)%00%(objectname)%00%(*objectname) [7ms]
2026-04-27 11:09:36.473 [info] > git status -z -uall [62ms]
2026-04-27 11:09:41.504 [info] > git config --get commit.template [8ms]
2026-04-27 11:09:41.507 [info] > git for-each-ref --format %(refname)%00%(objectname)%00%(*objectname) refs/tags [4ms]
2026-04-27 11:09:41.526 [info] > git for-each-ref --sort -committerdate --format %(refname)%00%(objectname)%00%(*objectname) [7ms]
2026-04-27 11:09:41.574 [info] > git status -z -uall [61ms]
2026-04-27 11:09:46.607 [info] > git config --get commit.template [8ms]
2026-04-27 11:09:46.611 [info] > git for-each-ref --format %(refname)%00%(objectname)%00%(*objectname) refs/tags [4ms]
2026-04-27 11:09:46.628 [info] > git for-each-ref --sort -committerdate --format %(refname)%00%(objectname)%00%(*objectname) [6ms]
2026-04-27 11:09:46.678 [info] > git status -z -uall [62ms]
2026-04-27 11:09:51.711 [info] > git config --get commit.template [7ms]
2026-04-27 11:09:51.715 [info] > git for-each-ref --format %(refname)%00%(objectname)%00%(*objectname) refs/tags [5ms]
2026-04-27 11:09:51.734 [info] > git for-each-ref --sort -committerdate --format %(refname)%00%(objectname)%00%(*objectname) [7ms]
2026-04-27 11:09:51.789 [info] > git status -z -uall [68ms]
2026-04-27 11:09:56.822 [info] > git config --get commit.template [8ms]
2026-04-27 11:09:56.826 [info] > git for-each-ref --format %(refname)%00%(objectname)%00%(*objectname) refs/tags [5ms]
2026-04-27 11:09:56.850 [info] > git for-each-ref --sort -committerdate --format %(refname)%00%(objectname)%00%(*objectname) [8ms]
2026-04-27 11:09:56.905 [info] > git status -z -uall [72ms]
2026-04-27 11:10:01.936 [info] > git config --get commit.template [7ms]
2026-04-27 11:10:01.940 [info] > git for-each-ref --format %(refname)%00%(objectname)%00%(*objectname) refs/tags [5ms]
2026-04-27 11:10:01.958 [info] > git for-each-ref --sort -committerdate --format %(refname)%00%(objectname)%00%(*objectname) [7ms]
2026-04-27 11:10:02.008 [info] > git status -z -uall [61ms]
2026-04-27 11:10:07.035 [info] > git config --get commit.template [7ms]
2026-04-27 11:10:07.039 [info] > git for-each-ref --format %(refname)%00%(objectname)%00%(*objectname) refs/tags [5ms]
2026-04-27 11:10:07.057 [info] > git for-each-ref --sort -committerdate --format %(refname)%00%(objectname)%00%(*objectname) [6ms]
2026-04-27 11:10:07.106 [info] > git status -z -uall [61ms]
2026-04-27 11:10:12.139 [info] > git config --get commit.template [8ms]
2026-04-27 11:10:12.144 [info] > git for-each-ref --format %(refname)%00%(objectname)%00%(*objectname) refs/tags [6ms]
2026-04-27 11:10:12.163 [info] > git for-each-ref --sort -committerdate --format %(refname)%00%(objectname)%00%(*objectname) [7ms]
2026-04-27 11:10:12.218 [info] > git status -z -uall [68ms]
2026-04-27 11:10:54.711 [info] > git config --get commit.template [14ms]
2026-04-27 11:10:54.715 [info] > git for-each-ref --format %(refname)%00%(objectname)%00%(*objectname) refs/tags [5ms]
2026-04-27 11:10:54.738 [info] > git for-each-ref --sort -committerdate --format %(refname)%00%(objectname)%00%(*objectname) [8ms]
2026-04-27 11:10:54.790 [info] > git status -z -uall [67ms]
2026-04-27 11:10:59.826 [info] > git config --get commit.template [7ms]
2026-04-27 11:10:59.830 [info] > git for-each-ref --format %(refname)%00%(objectname)%00%(*objectname) refs/tags [5ms]
2026-04-27 11:10:59.849 [info] > git for-each-ref --sort -committerdate --format %(refname)%00%(objectname)%00%(*objectname) [7ms]
2026-04-27 11:10:59.899 [info] > git status -z -uall [63ms]
2026-04-27 11:11:09.602 [info] > git config --get commit.template [8ms]
2026-04-27 11:11:09.606 [info] > git for-each-ref --format %(refname)%00%(objectname)%00%(*objectname) refs/tags [5ms]
2026-04-27 11:11:09.625 [info] > git for-each-ref --sort -committerdate --format %(refname)%00%(objectname)%00%(*objectname) [6ms]
2026-04-27 11:11:09.673 [info] > git status -z -uall [61ms]
2026-04-27 11:11:14.709 [info] > git config --get commit.template [8ms]
2026-04-27 11:11:14.713 [info] > git for-each-ref --format %(refname)%00%(objectname)%00%(*objectname) refs/tags [5ms]
2026-04-27 11:11:14.733 [info] > git for-each-ref --sort -committerdate --format %(refname)%00%(objectname)%00%(*objectname) [7ms]
2026-04-27 11:11:14.784 [info] > git status -z -uall [65ms]
2026-04-27 11:11:19.817 [info] > git config --get commit.template [7ms]
2026-04-27 11:11:19.821 [info] > git for-each-ref --format %(refname)%00%(objectname)%00%(*objectname) refs/tags [5ms]
2026-04-27 11:11:19.839 [info] > git for-each-ref --sort -committerdate --format %(refname)%00%(objectname)%00%(*objectname) [7ms]
2026-04-27 11:11:19.889 [info] > git status -z -uall [63ms]
2026-04-27 11:13:10.069 [info] > git config --get commit.template [11ms]
2026-04-27 11:13:10.073 [info] > git for-each-ref --format %(refname)%00%(objectname)%00%(*objectname) refs/tags [4ms]
2026-04-27 11:13:10.093 [info] > git for-each-ref --sort -committerdate --format %(refname)%00%(objectname)%00%(*objectname) [7ms]
2026-04-27 11:13:10.143 [info] > git status -z -uall [62ms]
2026-04-27 11:13:21.837 [info] > git config --get commit.template [12ms]
2026-04-27 11:13:21.841 [info] > git for-each-ref --format %(refname)%00%(objectname)%00%(*objectname) refs/tags [5ms]
2026-04-27 11:13:21.862 [info] > git for-each-ref --sort -committerdate --format %(refname)%00%(objectname)%00%(*objectname) [7ms]
2026-04-27 11:13:21.912 [info] > git status -z -uall [65ms]
2026-04-27 11:13:24.979 [info] > git check-ignore -v -z --stdin [2ms]
2026-04-27 11:13:26.949 [info] > git config --get commit.template [8ms]
2026-04-27 11:13:26.952 [info] > git for-each-ref --format %(refname)%00%(objectname)%00%(*objectname) refs/tags [4ms]
2026-04-27 11:13:26.972 [info] > git for-each-ref --sort -committerdate --format %(refname)%00%(objectname)%00%(*objectname) [7ms]
2026-04-27 11:13:27.022 [info] > git status -z -uall [64ms]
