2026-04-27 09:47:47.652 [info] [main] Log level: Info
2026-04-27 09:47:47.652 [info] [main] Validating found git in: "git"
2026-04-27 09:47:47.652 [info] [main] Using git "2.34.1" from "git"
2026-04-27 09:47:47.652 [info] [Model][doInitialScan] Initial repository scan started
2026-04-27 09:47:47.652 [info] > git rev-parse --show-toplevel [3ms]
2026-04-27 09:47:47.652 [info] > git rev-parse --git-dir --git-common-dir --show-superproject-working-tree [324ms]
2026-04-27 09:47:47.663 [info] [Model][openRepository] Opened repository (path): /home/guan/code-server-me
2026-04-27 09:47:47.664 [info] [Model][openRepository] Opened repository (real path): /home/guan/code-server-me
2026-04-27 09:47:47.664 [info] [Model][openRepository] Opened repository (kind): repository
2026-04-27 09:47:47.683 [info] > git rev-parse --show-toplevel [2ms]
2026-04-27 09:47:47.700 [info] > git rev-parse --show-toplevel [2ms]
2026-04-27 09:47:47.709 [info] > git rev-parse --show-toplevel [2ms]
2026-04-27 09:47:47.718 [info] > git config --get commit.template [43ms]
2026-04-27 09:47:47.719 [info] > git rev-parse --show-toplevel [3ms]
2026-04-27 09:47:47.728 [info] > git rev-parse --show-toplevel [2ms]
2026-04-27 09:47:47.736 [info] > git rev-parse --show-toplevel [1ms]
2026-04-27 09:47:47.744 [info] > git rev-parse --show-toplevel [1ms]
2026-04-27 09:47:47.751 [info] > git rev-parse --show-toplevel [1ms]
2026-04-27 09:47:47.759 [info] > git rev-parse --show-toplevel [1ms]
2026-04-27 09:47:47.768 [info] > git rev-parse --show-toplevel [1ms]
2026-04-27 09:47:47.777 [info] > git rev-parse --show-toplevel [1ms]
2026-04-27 09:47:47.785 [info] > git rev-parse --show-toplevel [1ms]
2026-04-27 09:47:47.792 [info] > git rev-parse --show-toplevel [1ms]
2026-04-27 09:47:47.800 [info] > git rev-parse --show-toplevel [2ms]
2026-04-27 09:47:47.807 [info] > git rev-parse --show-toplevel [1ms]
2026-04-27 09:47:47.814 [info] > git rev-parse --show-toplevel [1ms]
2026-04-27 09:47:47.821 [info] > git rev-parse --show-toplevel [1ms]
2026-04-27 09:47:47.828 [info] > git rev-parse --show-toplevel [1ms]
2026-04-27 09:47:47.835 [info] > git rev-parse --show-toplevel [1ms]
2026-04-27 09:47:47.841 [info] > git rev-parse --show-toplevel [1ms]
2026-04-27 09:47:47.843 [info] [Model][doInitialScan] Initial repository scan completed - repositories (1), closed repositories (0), parent repositories (0), unsafe repositories (0)
2026-04-27 09:47:48.179 [info] > git for-each-ref --format %(refname)%00%(objectname)%00%(*objectname) refs/tags [488ms]
2026-04-27 09:47:48.333 [info] > git check-ignore -v -z --stdin [109ms]
2026-04-27 09:47:48.667 [info] > git for-each-ref --sort -committerdate --format %(refname)%00%(objectname)%00%(*objectname) [472ms]
2026-04-27 09:47:55.082 [info] > git status -z -uall [6894ms]
2026-04-27 09:47:55.168 [info] > git config --get commit.template [2ms]
2026-04-27 09:47:55.178 [info] > git for-each-ref --format %(refname)%00%(objectname)%00%(*objectname) refs/tags [4ms]
2026-04-27 09:47:55.409 [info] > git status -z -uall [224ms]
2026-04-27 09:47:55.409 [info] > git for-each-ref --sort -committerdate --format %(refname)%00%(objectname)%00%(*objectname) [217ms]
2026-04-27 09:47:55.921 [info] > git rev-parse --show-toplevel [2ms]
2026-04-27 09:47:56.165 [info] > git rev-parse --git-dir --git-common-dir --show-superproject-working-tree [238ms]
2026-04-27 09:47:56.185 [info] [Model][openRepository] Opened repository (path): /home/guan/code-server-me/lib/vscode
2026-04-27 09:47:56.185 [info] [Model][openRepository] Opened repository (real path): /home/guan/code-server-me/lib/vscode
2026-04-27 09:47:56.185 [info] [Model][openRepository] Opened repository (kind): submodule
2026-04-27 09:47:56.211 [info] > git config --get commit.template [12ms]
2026-04-27 09:47:56.740 [info] > git check-ignore -v -z --stdin [4ms]
2026-04-27 09:48:16.644 [info] > git for-each-ref --format %(refname)%00%(objectname)%00%(*objectname) refs/tags [20435ms]
2026-04-27 09:48:16.710 [info] > git status -z -uall [60ms]
2026-04-27 09:48:19.886 [info] > git for-each-ref --sort -committerdate --format %(refname)%00%(objectname)%00%(*objectname) [3227ms]
2026-04-27 09:48:19.950 [info] > git config --get commit.template [3ms]
2026-04-27 09:48:19.969 [info] > git for-each-ref --format %(refname)%00%(objectname)%00%(*objectname) refs/tags [12ms]
2026-04-27 09:48:20.041 [info] > git status -z -uall [66ms]
2026-04-27 09:48:20.083 [info] > git for-each-ref --sort -committerdate --format %(refname)%00%(objectname)%00%(*objectname) [99ms]
2026-04-27 09:48:20.593 [info] > git rev-parse --show-toplevel [1ms]
2026-04-27 09:48:20.593 [info] fatal: this operation must be run in a work tree
2026-04-27 09:48:23.626 [info] > git config --get commit.template [9ms]
2026-04-27 09:48:23.630 [info] > git for-each-ref --format %(refname)%00%(objectname)%00%(*objectname) refs/tags [6ms]
2026-04-27 09:48:23.655 [info] > git for-each-ref --sort -committerdate --format %(refname)%00%(objectname)%00%(*objectname) [9ms]
2026-04-27 09:48:23.708 [info] > git status -z -uall [69ms]
2026-04-27 09:48:28.746 [info] > git config --get commit.template [9ms]
2026-04-27 09:48:28.752 [info] > git for-each-ref --format %(refname)%00%(objectname)%00%(*objectname) refs/tags [7ms]
2026-04-27 09:48:28.774 [info] > git for-each-ref --sort -committerdate --format %(refname)%00%(objectname)%00%(*objectname) [8ms]
2026-04-27 09:48:28.825 [info] > git status -z -uall [66ms]
2026-04-27 09:48:33.855 [info] > git config --get commit.template [7ms]
2026-04-27 09:48:33.859 [info] > git for-each-ref --format %(refname)%00%(objectname)%00%(*objectname) refs/tags [5ms]
2026-04-27 09:48:33.877 [info] > git for-each-ref --sort -committerdate --format %(refname)%00%(objectname)%00%(*objectname) [6ms]
2026-04-27 09:48:33.929 [info] > git status -z -uall [63ms]
2026-04-27 09:48:38.959 [info] > git config --get commit.template [8ms]
2026-04-27 09:48:38.964 [info] > git for-each-ref --format %(refname)%00%(objectname)%00%(*objectname) refs/tags [5ms]
2026-04-27 09:48:38.983 [info] > git for-each-ref --sort -committerdate --format %(refname)%00%(objectname)%00%(*objectname) [7ms]
2026-04-27 09:48:39.036 [info] > git status -z -uall [66ms]
2026-04-27 09:48:44.077 [info] > git config --get commit.template [11ms]
2026-04-27 09:48:44.082 [info] > git for-each-ref --format %(refname)%00%(objectname)%00%(*objectname) refs/tags [6ms]
2026-04-27 09:48:44.102 [info] > git for-each-ref --sort -committerdate --format %(refname)%00%(objectname)%00%(*objectname) [7ms]
2026-04-27 09:48:44.151 [info] > git status -z -uall [62ms]
2026-04-27 09:48:49.183 [info] > git config --get commit.template [8ms]
2026-04-27 09:48:49.186 [info] > git for-each-ref --format %(refname)%00%(objectname)%00%(*objectname) refs/tags [4ms]
2026-04-27 09:48:49.206 [info] > git for-each-ref --sort -committerdate --format %(refname)%00%(objectname)%00%(*objectname) [7ms]
2026-04-27 09:48:49.257 [info] > git status -z -uall [65ms]
2026-04-27 09:48:54.628 [info] > git config --get commit.template [2ms]
2026-04-27 09:48:54.639 [info] > git for-each-ref --format %(refname)%00%(objectname)%00%(*objectname) refs/tags [5ms]
2026-04-27 09:48:54.657 [info] > git for-each-ref --sort -committerdate --format %(refname)%00%(objectname)%00%(*objectname) [7ms]
2026-04-27 09:48:54.705 [info] > git status -z -uall [61ms]
2026-04-27 09:48:59.752 [info] > git config --get commit.template [8ms]
2026-04-27 09:48:59.755 [info] > git for-each-ref --format %(refname)%00%(objectname)%00%(*objectname) refs/tags [4ms]
2026-04-27 09:48:59.775 [info] > git for-each-ref --sort -committerdate --format %(refname)%00%(objectname)%00%(*objectname) [8ms]
2026-04-27 09:48:59.826 [info] > git status -z -uall [65ms]
2026-04-27 09:49:04.859 [info] > git config --get commit.template [7ms]
2026-04-27 09:49:04.863 [info] > git for-each-ref --format %(refname)%00%(objectname)%00%(*objectname) refs/tags [4ms]
2026-04-27 09:49:04.882 [info] > git for-each-ref --sort -committerdate --format %(refname)%00%(objectname)%00%(*objectname) [7ms]
2026-04-27 09:49:04.932 [info] > git status -z -uall [63ms]
2026-04-27 09:49:09.964 [info] > git config --get commit.template [8ms]
2026-04-27 09:49:09.967 [info] > git for-each-ref --format %(refname)%00%(objectname)%00%(*objectname) refs/tags [4ms]
2026-04-27 09:49:09.987 [info] > git for-each-ref --sort -committerdate --format %(refname)%00%(objectname)%00%(*objectname) [8ms]
2026-04-27 09:49:10.034 [info] > git status -z -uall [61ms]
2026-04-27 09:49:15.083 [info] > git config --get commit.template [13ms]
2026-04-27 09:49:15.088 [info] > git for-each-ref --format %(refname)%00%(objectname)%00%(*objectname) refs/tags [6ms]
2026-04-27 09:49:15.108 [info] > git for-each-ref --sort -committerdate --format %(refname)%00%(objectname)%00%(*objectname) [6ms]
2026-04-27 09:49:15.158 [info] > git status -z -uall [62ms]
2026-04-27 09:49:20.201 [info] > git config --get commit.template [8ms]
2026-04-27 09:49:20.205 [info] > git for-each-ref --format %(refname)%00%(objectname)%00%(*objectname) refs/tags [5ms]
2026-04-27 09:49:20.224 [info] > git for-each-ref --sort -committerdate --format %(refname)%00%(objectname)%00%(*objectname) [7ms]
2026-04-27 09:49:20.282 [info] > git status -z -uall [71ms]
2026-04-27 09:49:25.315 [info] > git config --get commit.template [7ms]
2026-04-27 09:49:25.319 [info] > git for-each-ref --format %(refname)%00%(objectname)%00%(*objectname) refs/tags [4ms]
2026-04-27 09:49:25.337 [info] > git for-each-ref --sort -committerdate --format %(refname)%00%(objectname)%00%(*objectname) [6ms]
2026-04-27 09:49:25.385 [info] > git status -z -uall [60ms]
2026-04-27 09:49:30.421 [info] > git config --get commit.template [7ms]
2026-04-27 09:49:30.425 [info] > git for-each-ref --format %(refname)%00%(objectname)%00%(*objectname) refs/tags [5ms]
2026-04-27 09:49:30.444 [info] > git for-each-ref --sort -committerdate --format %(refname)%00%(objectname)%00%(*objectname) [7ms]
2026-04-27 09:49:30.494 [info] > git status -z -uall [63ms]
2026-04-27 09:49:35.888 [info] > git config --get commit.template [8ms]
2026-04-27 09:49:35.892 [info] > git for-each-ref --format %(refname)%00%(objectname)%00%(*objectname) refs/tags [5ms]
2026-04-27 09:49:35.912 [info] > git for-each-ref --sort -committerdate --format %(refname)%00%(objectname)%00%(*objectname) [7ms]
2026-04-27 09:49:35.960 [info] > git status -z -uall [62ms]
2026-04-27 09:49:40.997 [info] > git config --get commit.template [10ms]
2026-04-27 09:49:41.002 [info] > git for-each-ref --format %(refname)%00%(objectname)%00%(*objectname) refs/tags [7ms]
2026-04-27 09:49:41.024 [info] > git for-each-ref --sort -committerdate --format %(refname)%00%(objectname)%00%(*objectname) [7ms]
2026-04-27 09:49:41.075 [info] > git status -z -uall [66ms]
2026-04-27 09:49:46.109 [info] > git config --get commit.template [8ms]
2026-04-27 09:49:46.113 [info] > git for-each-ref --format %(refname)%00%(objectname)%00%(*objectname) refs/tags [5ms]
2026-04-27 09:49:46.132 [info] > git for-each-ref --sort -committerdate --format %(refname)%00%(objectname)%00%(*objectname) [7ms]
2026-04-27 09:49:46.181 [info] > git status -z -uall [62ms]
2026-04-27 09:49:51.211 [info] > git config --get commit.template [8ms]
2026-04-27 09:49:51.215 [info] > git for-each-ref --format %(refname)%00%(objectname)%00%(*objectname) refs/tags [4ms]
2026-04-27 09:49:51.234 [info] > git for-each-ref --sort -committerdate --format %(refname)%00%(objectname)%00%(*objectname) [7ms]
2026-04-27 09:49:51.281 [info] > git status -z -uall [60ms]
2026-04-27 09:49:56.317 [info] > git config --get commit.template [8ms]
2026-04-27 09:49:56.321 [info] > git for-each-ref --format %(refname)%00%(objectname)%00%(*objectname) refs/tags [4ms]
2026-04-27 09:49:56.339 [info] > git for-each-ref --sort -committerdate --format %(refname)%00%(objectname)%00%(*objectname) [6ms]
2026-04-27 09:49:56.388 [info] > git status -z -uall [61ms]
2026-04-27 09:50:01.421 [info] > git config --get commit.template [7ms]
2026-04-27 09:50:01.425 [info] > git for-each-ref --format %(refname)%00%(objectname)%00%(*objectname) refs/tags [4ms]
2026-04-27 09:50:01.444 [info] > git for-each-ref --sort -committerdate --format %(refname)%00%(objectname)%00%(*objectname) [7ms]
2026-04-27 09:50:01.493 [info] > git status -z -uall [62ms]
2026-04-27 09:50:06.537 [info] > git config --get commit.template [10ms]
2026-04-27 09:50:06.541 [info] > git for-each-ref --format %(refname)%00%(objectname)%00%(*objectname) refs/tags [5ms]
2026-04-27 09:50:06.560 [info] > git for-each-ref --sort -committerdate --format %(refname)%00%(objectname)%00%(*objectname) [7ms]
2026-04-27 09:50:06.610 [info] > git status -z -uall [63ms]
2026-04-27 09:50:11.640 [info] > git config --get commit.template [8ms]
2026-04-27 09:50:11.643 [info] > git for-each-ref --format %(refname)%00%(objectname)%00%(*objectname) refs/tags [4ms]
2026-04-27 09:50:11.663 [info] > git for-each-ref --sort -committerdate --format %(refname)%00%(objectname)%00%(*objectname) [7ms]
2026-04-27 09:50:11.711 [info] > git status -z -uall [62ms]
2026-04-27 09:50:16.744 [info] > git config --get commit.template [7ms]
2026-04-27 09:50:16.747 [info] > git for-each-ref --format %(refname)%00%(objectname)%00%(*objectname) refs/tags [4ms]
2026-04-27 09:50:16.768 [info] > git for-each-ref --sort -committerdate --format %(refname)%00%(objectname)%00%(*objectname) [8ms]
2026-04-27 09:50:16.819 [info] > git status -z -uall [66ms]
2026-04-27 09:51:13.562 [info] > git config --get commit.template [11ms]
2026-04-27 09:51:13.565 [info] > git for-each-ref --format %(refname)%00%(objectname)%00%(*objectname) refs/tags [5ms]
2026-04-27 09:51:13.591 [info] > git for-each-ref --sort -committerdate --format %(refname)%00%(objectname)%00%(*objectname) [8ms]
2026-04-27 09:51:13.641 [info] > git status -z -uall [67ms]
2026-04-27 09:51:18.684 [info] > git config --get commit.template [9ms]
2026-04-27 09:51:18.689 [info] > git for-each-ref --format %(refname)%00%(objectname)%00%(*objectname) refs/tags [6ms]
2026-04-27 09:51:18.711 [info] > git for-each-ref --sort -committerdate --format %(refname)%00%(objectname)%00%(*objectname) [8ms]
2026-04-27 09:51:18.760 [info] > git status -z -uall [65ms]
2026-04-27 09:51:23.798 [info] > git config --get commit.template [7ms]
2026-04-27 09:51:23.801 [info] > git for-each-ref --format %(refname)%00%(objectname)%00%(*objectname) refs/tags [4ms]
2026-04-27 09:51:23.820 [info] > git for-each-ref --sort -committerdate --format %(refname)%00%(objectname)%00%(*objectname) [7ms]
2026-04-27 09:51:23.867 [info] > git status -z -uall [60ms]
2026-04-27 09:51:28.898 [info] > git config --get commit.template [8ms]
2026-04-27 09:51:28.901 [info] > git for-each-ref --format %(refname)%00%(objectname)%00%(*objectname) refs/tags [4ms]
2026-04-27 09:51:28.920 [info] > git for-each-ref --sort -committerdate --format %(refname)%00%(objectname)%00%(*objectname) [7ms]
2026-04-27 09:51:28.968 [info] > git status -z -uall [61ms]
2026-04-27 09:51:34.004 [info] > git config --get commit.template [7ms]
2026-04-27 09:51:34.008 [info] > git for-each-ref --format %(refname)%00%(objectname)%00%(*objectname) refs/tags [4ms]
2026-04-27 09:51:34.027 [info] > git for-each-ref --sort -committerdate --format %(refname)%00%(objectname)%00%(*objectname) [6ms]
2026-04-27 09:51:34.075 [info] > git status -z -uall [61ms]
2026-04-27 09:51:39.122 [info] > git config --get commit.template [10ms]
2026-04-27 09:51:39.127 [info] > git for-each-ref --format %(refname)%00%(objectname)%00%(*objectname) refs/tags [6ms]
2026-04-27 09:51:39.149 [info] > git for-each-ref --sort -committerdate --format %(refname)%00%(objectname)%00%(*objectname) [8ms]
2026-04-27 09:51:39.200 [info] > git status -z -uall [66ms]
2026-04-27 09:51:44.235 [info] > git config --get commit.template [8ms]
2026-04-27 09:51:44.238 [info] > git for-each-ref --format %(refname)%00%(objectname)%00%(*objectname) refs/tags [4ms]
2026-04-27 09:51:44.257 [info] > git for-each-ref --sort -committerdate --format %(refname)%00%(objectname)%00%(*objectname) [7ms]
2026-04-27 09:51:44.312 [info] > git status -z -uall [68ms]
2026-04-27 09:51:49.346 [info] > git config --get commit.template [9ms]
2026-04-27 09:51:49.350 [info] > git for-each-ref --format %(refname)%00%(objectname)%00%(*objectname) refs/tags [5ms]
2026-04-27 09:51:49.368 [info] > git for-each-ref --sort -committerdate --format %(refname)%00%(objectname)%00%(*objectname) [7ms]
2026-04-27 09:51:49.417 [info] > git status -z -uall [62ms]
2026-04-27 09:51:54.445 [info] > git config --get commit.template [7ms]
2026-04-27 09:51:54.449 [info] > git for-each-ref --format %(refname)%00%(objectname)%00%(*objectname) refs/tags [4ms]
2026-04-27 09:51:54.468 [info] > git for-each-ref --sort -committerdate --format %(refname)%00%(objectname)%00%(*objectname) [7ms]
2026-04-27 09:51:54.519 [info] > git status -z -uall [64ms]
2026-04-27 09:51:59.564 [info] > git config --get commit.template [7ms]
2026-04-27 09:51:59.568 [info] > git for-each-ref --format %(refname)%00%(objectname)%00%(*objectname) refs/tags [4ms]
2026-04-27 09:51:59.587 [info] > git for-each-ref --sort -committerdate --format %(refname)%00%(objectname)%00%(*objectname) [7ms]
2026-04-27 09:51:59.636 [info] > git status -z -uall [62ms]
2026-04-27 09:52:29.180 [info] > git config --get commit.template [9ms]
2026-04-27 09:52:29.185 [info] > git for-each-ref --format %(refname)%00%(objectname)%00%(*objectname) refs/tags [6ms]
2026-04-27 09:52:29.209 [info] > git for-each-ref --sort -committerdate --format %(refname)%00%(objectname)%00%(*objectname) [6ms]
2026-04-27 09:52:29.259 [info] > git status -z -uall [66ms]
2026-04-27 10:01:52.163 [info] > git config --get commit.template [441ms]
2026-04-27 10:01:52.759 [info] > git for-each-ref --format %(refname)%00%(objectname)%00%(*objectname) refs/tags [968ms]
2026-04-27 10:01:52.855 [info] > git for-each-ref --sort -committerdate --format %(refname)%00%(objectname)%00%(*objectname) [82ms]
2026-04-27 10:02:02.816 [info] > git status -z -uall [10049ms]
2026-04-27 10:05:12.117 [info] > git config --get commit.template [13ms]
2026-04-27 10:05:12.121 [info] > git for-each-ref --format %(refname)%00%(objectname)%00%(*objectname) refs/tags [6ms]
2026-04-27 10:05:12.145 [info] > git for-each-ref --sort -committerdate --format %(refname)%00%(objectname)%00%(*objectname) [8ms]
2026-04-27 10:05:12.195 [info] > git status -z -uall [65ms]
2026-04-27 10:05:17.233 [info] > git config --get commit.template [7ms]
2026-04-27 10:05:17.237 [info] > git for-each-ref --format %(refname)%00%(objectname)%00%(*objectname) refs/tags [4ms]
2026-04-27 10:05:17.257 [info] > git for-each-ref --sort -committerdate --format %(refname)%00%(objectname)%00%(*objectname) [7ms]
2026-04-27 10:05:17.304 [info] > git status -z -uall [61ms]
2026-04-27 10:05:22.339 [info] > git config --get commit.template [8ms]
2026-04-27 10:05:22.343 [info] > git for-each-ref --format %(refname)%00%(objectname)%00%(*objectname) refs/tags [5ms]
2026-04-27 10:05:22.361 [info] > git for-each-ref --sort -committerdate --format %(refname)%00%(objectname)%00%(*objectname) [6ms]
2026-04-27 10:05:22.408 [info] > git status -z -uall [60ms]
2026-04-27 10:05:27.445 [info] > git config --get commit.template [8ms]
2026-04-27 10:05:27.449 [info] > git for-each-ref --format %(refname)%00%(objectname)%00%(*objectname) refs/tags [5ms]
2026-04-27 10:05:27.468 [info] > git for-each-ref --sort -committerdate --format %(refname)%00%(objectname)%00%(*objectname) [7ms]
2026-04-27 10:05:27.519 [info] > git status -z -uall [64ms]
2026-04-27 10:05:32.554 [info] > git config --get commit.template [8ms]
2026-04-27 10:05:32.557 [info] > git for-each-ref --format %(refname)%00%(objectname)%00%(*objectname) refs/tags [4ms]
2026-04-27 10:05:32.577 [info] > git for-each-ref --sort -committerdate --format %(refname)%00%(objectname)%00%(*objectname) [7ms]
2026-04-27 10:05:32.625 [info] > git status -z -uall [62ms]
2026-04-27 10:05:37.659 [info] > git config --get commit.template [7ms]
2026-04-27 10:05:37.663 [info] > git for-each-ref --format %(refname)%00%(objectname)%00%(*objectname) refs/tags [4ms]
2026-04-27 10:05:37.683 [info] > git for-each-ref --sort -committerdate --format %(refname)%00%(objectname)%00%(*objectname) [7ms]
2026-04-27 10:05:37.731 [info] > git status -z -uall [62ms]
2026-04-27 10:06:03.815 [info] > git config --get commit.template [212ms]
2026-04-27 10:06:04.064 [info] > git for-each-ref --format %(refname)%00%(objectname)%00%(*objectname) refs/tags [429ms]
2026-04-27 10:06:04.156 [info] > git for-each-ref --sort -committerdate --format %(refname)%00%(objectname)%00%(*objectname) [79ms]
2026-04-27 10:06:10.517 [info] > git status -z -uall [6446ms]
2026-04-27 10:06:15.548 [info] > git config --get commit.template [8ms]
2026-04-27 10:06:15.552 [info] > git for-each-ref --format %(refname)%00%(objectname)%00%(*objectname) refs/tags [5ms]
2026-04-27 10:06:15.572 [info] > git for-each-ref --sort -committerdate --format %(refname)%00%(objectname)%00%(*objectname) [7ms]
2026-04-27 10:06:15.622 [info] > git status -z -uall [63ms]
2026-04-27 10:06:20.660 [info] > git config --get commit.template [7ms]
2026-04-27 10:06:20.664 [info] > git for-each-ref --format %(refname)%00%(objectname)%00%(*objectname) refs/tags [4ms]
2026-04-27 10:06:20.683 [info] > git for-each-ref --sort -committerdate --format %(refname)%00%(objectname)%00%(*objectname) [7ms]
2026-04-27 10:06:20.731 [info] > git status -z -uall [61ms]
2026-04-27 10:06:25.762 [info] > git config --get commit.template [7ms]
2026-04-27 10:06:25.766 [info] > git for-each-ref --format %(refname)%00%(objectname)%00%(*objectname) refs/tags [5ms]
2026-04-27 10:06:25.785 [info] > git for-each-ref --sort -committerdate --format %(refname)%00%(objectname)%00%(*objectname) [7ms]
2026-04-27 10:06:25.834 [info] > git status -z -uall [62ms]
2026-04-27 10:06:30.866 [info] > git config --get commit.template [9ms]
2026-04-27 10:06:30.870 [info] > git for-each-ref --format %(refname)%00%(objectname)%00%(*objectname) refs/tags [5ms]
2026-04-27 10:06:30.894 [info] > git for-each-ref --sort -committerdate --format %(refname)%00%(objectname)%00%(*objectname) [8ms]
2026-04-27 10:06:30.946 [info] > git status -z -uall [67ms]
