2026-04-27 10:42:24.469 [info] [main] Log level: Info
2026-04-27 10:42:24.469 [info] [main] Validating found git in: "git"
2026-04-27 10:42:24.470 [info] [main] Using git "2.34.1" from "git"
2026-04-27 10:42:24.470 [info] [Model][doInitialScan] Initial repository scan started
2026-04-27 10:42:24.470 [info] > git rev-parse --show-toplevel [3ms]
2026-04-27 10:42:24.470 [info] > git rev-parse --git-dir --git-common-dir --show-superproject-working-tree [4ms]
2026-04-27 10:42:24.535 [info] [Model][openRepository] Opened repository (path): /home/guan/code-server-me
2026-04-27 10:42:24.535 [info] [Model][openRepository] Opened repository (real path): /home/guan/code-server-me
2026-04-27 10:42:24.535 [info] [Model][openRepository] Opened repository (kind): repository
2026-04-27 10:42:24.551 [info] > git config --get commit.template [7ms]
2026-04-27 10:42:24.552 [info] > git rev-parse --show-toplevel [2ms]
2026-04-27 10:42:24.567 [info] > git for-each-ref --format %(refname)%00%(objectname)%00%(*objectname) refs/tags [8ms]
2026-04-27 10:42:24.584 [info] > git rev-parse --show-toplevel [18ms]
2026-04-27 10:42:24.595 [info] > git for-each-ref --sort -committerdate --format %(refname)%00%(objectname)%00%(*objectname) [12ms]
2026-04-27 10:42:24.597 [info] > git rev-parse --show-toplevel [4ms]
2026-04-27 10:42:24.609 [info] > git rev-parse --show-toplevel [2ms]
2026-04-27 10:42:24.618 [info] > git rev-parse --show-toplevel [2ms]
2026-04-27 10:42:24.629 [info] > git rev-parse --show-toplevel [2ms]
2026-04-27 10:42:24.637 [info] > git rev-parse --show-toplevel [2ms]
2026-04-27 10:42:24.646 [info] > git rev-parse --show-toplevel [3ms]
2026-04-27 10:42:24.657 [info] > git rev-parse --show-toplevel [3ms]
2026-04-27 10:42:24.667 [info] > git status -z -uall [91ms]
2026-04-27 10:42:24.744 [info] > git rev-parse --show-toplevel [78ms]
2026-04-27 10:42:24.746 [info] > git config --get commit.template [10ms]
2026-04-27 10:42:24.760 [info] > git rev-parse --show-toplevel [9ms]
2026-04-27 10:42:24.767 [info] > git for-each-ref --format %(refname)%00%(objectname)%00%(*objectname) refs/tags [8ms]
2026-04-27 10:42:25.009 [info] > git status -z -uall [235ms]
2026-04-27 10:42:25.009 [info] > git for-each-ref --sort -committerdate --format %(refname)%00%(objectname)%00%(*objectname) [228ms]
2026-04-27 10:42:25.027 [info] > git rev-parse --show-toplevel [261ms]
2026-04-27 10:42:25.040 [info] > git rev-parse --show-toplevel [6ms]
2026-04-27 10:42:25.047 [info] > git rev-parse --show-toplevel [1ms]
2026-04-27 10:42:25.057 [info] > git rev-parse --show-toplevel [3ms]
2026-04-27 10:42:25.065 [info] > git rev-parse --show-toplevel [1ms]
2026-04-27 10:42:25.074 [info] > git rev-parse --show-toplevel [1ms]
2026-04-27 10:42:25.082 [info] > git rev-parse --show-toplevel [2ms]
2026-04-27 10:42:25.089 [info] > git rev-parse --show-toplevel [1ms]
2026-04-27 10:42:25.097 [info] > git rev-parse --show-toplevel [2ms]
2026-04-27 10:42:25.099 [info] [Model][doInitialScan] Initial repository scan completed - repositories (1), closed repositories (0), parent repositories (0), unsafe repositories (0)
2026-04-27 10:42:25.326 [info] > git check-ignore -v -z --stdin [2ms]
2026-04-27 10:42:25.524 [info] > git rev-parse --show-toplevel [3ms]
2026-04-27 10:42:25.538 [info] > git rev-parse --git-dir --git-common-dir --show-superproject-working-tree [5ms]
2026-04-27 10:42:25.548 [info] [Model][openRepository] Opened repository (path): /home/guan/code-server-me/lib/vscode
2026-04-27 10:42:25.549 [info] [Model][openRepository] Opened repository (real path): /home/guan/code-server-me/lib/vscode
2026-04-27 10:42:25.549 [info] [Model][openRepository] Opened repository (kind): submodule
2026-04-27 10:42:25.565 [info] > git config --get commit.template [3ms]
2026-04-27 10:42:25.593 [info] > git for-each-ref --format %(refname)%00%(objectname)%00%(*objectname) refs/tags [19ms]
2026-04-27 10:42:25.686 [info] > git status -z -uall [82ms]
2026-04-27 10:42:25.709 [info] > git for-each-ref --sort -committerdate --format %(refname)%00%(objectname)%00%(*objectname) [91ms]
2026-04-27 10:42:25.784 [info] > git config --get commit.template [9ms]
2026-04-27 10:42:25.796 [info] > git for-each-ref --format %(refname)%00%(objectname)%00%(*objectname) refs/tags [13ms]
2026-04-27 10:42:25.859 [info] > git status -z -uall [54ms]
2026-04-27 10:42:25.876 [info] > git for-each-ref --sort -committerdate --format %(refname)%00%(objectname)%00%(*objectname) [64ms]
2026-04-27 10:42:26.089 [info] > git check-ignore -v -z --stdin [2ms]
2026-04-27 10:42:26.388 [info] > git rev-parse --show-toplevel [2ms]
2026-04-27 10:42:26.388 [info] fatal: this operation must be run in a work tree
2026-04-27 10:42:34.139 [info] > git config --get commit.template [10ms]
2026-04-27 10:42:34.143 [info] > git for-each-ref --format %(refname)%00%(objectname)%00%(*objectname) refs/tags [5ms]
2026-04-27 10:42:34.169 [info] > git for-each-ref --sort -committerdate --format %(refname)%00%(objectname)%00%(*objectname) [8ms]
2026-04-27 10:42:34.226 [info] > git status -z -uall [73ms]
2026-04-27 10:42:39.262 [info] > git config --get commit.template [8ms]
2026-04-27 10:42:39.266 [info] > git for-each-ref --format %(refname)%00%(objectname)%00%(*objectname) refs/tags [4ms]
2026-04-27 10:42:39.289 [info] > git for-each-ref --sort -committerdate --format %(refname)%00%(objectname)%00%(*objectname) [6ms]
2026-04-27 10:42:39.334 [info] > git status -z -uall [61ms]
2026-04-27 10:43:45.292 [info] > git config --get commit.template [13ms]
2026-04-27 10:43:45.295 [info] > git for-each-ref --format %(refname)%00%(objectname)%00%(*objectname) refs/tags [5ms]
2026-04-27 10:43:45.316 [info] > git for-each-ref --sort -committerdate --format %(refname)%00%(objectname)%00%(*objectname) [7ms]
2026-04-27 10:43:45.365 [info] > git status -z -uall [63ms]
2026-04-27 10:43:50.685 [info] > git config --get commit.template [8ms]
2026-04-27 10:43:50.688 [info] > git for-each-ref --format %(refname)%00%(objectname)%00%(*objectname) refs/tags [4ms]
2026-04-27 10:43:50.707 [info] > git for-each-ref --sort -committerdate --format %(refname)%00%(objectname)%00%(*objectname) [6ms]
2026-04-27 10:43:50.757 [info] > git status -z -uall [63ms]
2026-04-27 10:43:55.795 [info] > git config --get commit.template [7ms]
2026-04-27 10:43:55.798 [info] > git for-each-ref --format %(refname)%00%(objectname)%00%(*objectname) refs/tags [4ms]
2026-04-27 10:43:55.818 [info] > git for-each-ref --sort -committerdate --format %(refname)%00%(objectname)%00%(*objectname) [7ms]
2026-04-27 10:43:55.869 [info] > git status -z -uall [65ms]
2026-04-27 10:44:00.909 [info] > git config --get commit.template [9ms]
2026-04-27 10:44:00.913 [info] > git for-each-ref --format %(refname)%00%(objectname)%00%(*objectname) refs/tags [4ms]
2026-04-27 10:44:00.934 [info] > git for-each-ref --sort -committerdate --format %(refname)%00%(objectname)%00%(*objectname) [7ms]
2026-04-27 10:44:00.985 [info] > git status -z -uall [66ms]
2026-04-27 10:44:06.041 [info] > git config --get commit.template [12ms]
2026-04-27 10:44:06.046 [info] > git for-each-ref --format %(refname)%00%(objectname)%00%(*objectname) refs/tags [6ms]
2026-04-27 10:44:06.065 [info] > git for-each-ref --sort -committerdate --format %(refname)%00%(objectname)%00%(*objectname) [6ms]
2026-04-27 10:44:06.115 [info] > git status -z -uall [62ms]
2026-04-27 10:45:39.797 [info] > git config --get commit.template [17ms]
2026-04-27 10:45:39.804 [info] > git for-each-ref --format %(refname)%00%(objectname)%00%(*objectname) refs/tags [8ms]
2026-04-27 10:45:39.837 [info] > git for-each-ref --sort -committerdate --format %(refname)%00%(objectname)%00%(*objectname) [9ms]
2026-04-27 10:45:39.886 [info] > git status -z -uall [70ms]
2026-04-27 10:45:44.920 [info] > git config --get commit.template [7ms]
2026-04-27 10:45:44.924 [info] > git for-each-ref --format %(refname)%00%(objectname)%00%(*objectname) refs/tags [4ms]
2026-04-27 10:45:44.944 [info] > git for-each-ref --sort -committerdate --format %(refname)%00%(objectname)%00%(*objectname) [7ms]
2026-04-27 10:45:44.993 [info] > git status -z -uall [62ms]
2026-04-27 10:46:54.981 [info] > git config --get commit.template [16ms]
2026-04-27 10:46:54.987 [info] > git for-each-ref --format %(refname)%00%(objectname)%00%(*objectname) refs/tags [8ms]
2026-04-27 10:46:55.013 [info] > git for-each-ref --sort -committerdate --format %(refname)%00%(objectname)%00%(*objectname) [5ms]
2026-04-27 10:46:55.070 [info] > git status -z -uall [75ms]
2026-04-27 10:47:00.107 [info] > git config --get commit.template [8ms]
2026-04-27 10:47:00.111 [info] > git for-each-ref --format %(refname)%00%(objectname)%00%(*objectname) refs/tags [5ms]
2026-04-27 10:47:00.131 [info] > git for-each-ref --sort -committerdate --format %(refname)%00%(objectname)%00%(*objectname) [7ms]
2026-04-27 10:47:00.182 [info] > git status -z -uall [65ms]
2026-04-27 10:47:05.208 [info] > git config --get commit.template [1ms]
2026-04-27 10:47:05.220 [info] > git for-each-ref --format %(refname)%00%(objectname)%00%(*objectname) refs/tags [5ms]
2026-04-27 10:47:05.241 [info] > git for-each-ref --sort -committerdate --format %(refname)%00%(objectname)%00%(*objectname) [8ms]
2026-04-27 10:47:05.291 [info] > git status -z -uall [65ms]
2026-04-27 10:47:10.327 [info] > git config --get commit.template [7ms]
2026-04-27 10:47:10.331 [info] > git for-each-ref --format %(refname)%00%(objectname)%00%(*objectname) refs/tags [5ms]
2026-04-27 10:47:10.351 [info] > git for-each-ref --sort -committerdate --format %(refname)%00%(objectname)%00%(*objectname) [7ms]
2026-04-27 10:47:10.400 [info] > git status -z -uall [63ms]
2026-04-27 10:47:15.430 [info] > git config --get commit.template [7ms]
2026-04-27 10:47:15.434 [info] > git for-each-ref --format %(refname)%00%(objectname)%00%(*objectname) refs/tags [5ms]
2026-04-27 10:47:15.454 [info] > git for-each-ref --sort -committerdate --format %(refname)%00%(objectname)%00%(*objectname) [7ms]
2026-04-27 10:47:15.503 [info] > git status -z -uall [62ms]
2026-04-27 10:47:20.535 [info] > git config --get commit.template [7ms]
2026-04-27 10:47:20.539 [info] > git for-each-ref --format %(refname)%00%(objectname)%00%(*objectname) refs/tags [4ms]
2026-04-27 10:47:20.556 [info] > git for-each-ref --sort -committerdate --format %(refname)%00%(objectname)%00%(*objectname) [5ms]
2026-04-27 10:47:20.618 [info] > git status -z -uall [73ms]
2026-04-27 10:47:31.395 [info] > git config --get commit.template [10ms]
2026-04-27 10:47:31.400 [info] > git for-each-ref --format %(refname)%00%(objectname)%00%(*objectname) refs/tags [6ms]
2026-04-27 10:47:31.425 [info] > git for-each-ref --sort -committerdate --format %(refname)%00%(objectname)%00%(*objectname) [9ms]
2026-04-27 10:47:31.475 [info] > git status -z -uall [67ms]
2026-04-27 10:48:09.589 [info] > git config --get commit.template [12ms]
2026-04-27 10:48:09.593 [info] > git for-each-ref --format %(refname)%00%(objectname)%00%(*objectname) refs/tags [5ms]
2026-04-27 10:48:09.636 [info] > git for-each-ref --sort -committerdate --format %(refname)%00%(objectname)%00%(*objectname) [15ms]
2026-04-27 10:48:09.690 [info] > git status -z -uall [87ms]
2026-04-27 10:48:16.831 [info] > git config --get commit.template [11ms]
2026-04-27 10:48:16.838 [info] > git for-each-ref --format %(refname)%00%(objectname)%00%(*objectname) refs/tags [8ms]
2026-04-27 10:48:16.868 [info] > git for-each-ref --sort -committerdate --format %(refname)%00%(objectname)%00%(*objectname) [8ms]
2026-04-27 10:48:16.921 [info] > git status -z -uall [71ms]
2026-04-27 10:48:21.981 [info] > git config --get commit.template [13ms]
2026-04-27 10:48:21.986 [info] > git for-each-ref --format %(refname)%00%(objectname)%00%(*objectname) refs/tags [7ms]
2026-04-27 10:48:22.006 [info] > git for-each-ref --sort -committerdate --format %(refname)%00%(objectname)%00%(*objectname) [7ms]
2026-04-27 10:48:22.056 [info] > git status -z -uall [63ms]
2026-04-27 10:48:27.093 [info] > git config --get commit.template [8ms]
2026-04-27 10:48:27.097 [info] > git for-each-ref --format %(refname)%00%(objectname)%00%(*objectname) refs/tags [5ms]
2026-04-27 10:48:27.120 [info] > git for-each-ref --sort -committerdate --format %(refname)%00%(objectname)%00%(*objectname) [9ms]
2026-04-27 10:48:27.170 [info] > git status -z -uall [67ms]
2026-04-27 10:48:32.201 [info] > git config --get commit.template [8ms]
2026-04-27 10:48:32.206 [info] > git for-each-ref --format %(refname)%00%(objectname)%00%(*objectname) refs/tags [5ms]
2026-04-27 10:48:32.226 [info] > git for-each-ref --sort -committerdate --format %(refname)%00%(objectname)%00%(*objectname) [6ms]
2026-04-27 10:48:32.276 [info] > git status -z -uall [64ms]
2026-04-27 10:49:12.006 [info] > git config --get commit.template [22ms]
2026-04-27 10:49:12.015 [info] > git for-each-ref --format %(refname)%00%(objectname)%00%(*objectname) refs/tags [10ms]
2026-04-27 10:49:12.041 [info] > git for-each-ref --sort -committerdate --format %(refname)%00%(objectname)%00%(*objectname) [8ms]
2026-04-27 10:49:12.089 [info] > git status -z -uall [67ms]
2026-04-27 10:49:17.128 [info] > git config --get commit.template [8ms]
2026-04-27 10:49:17.132 [info] > git for-each-ref --format %(refname)%00%(objectname)%00%(*objectname) refs/tags [5ms]
2026-04-27 10:49:17.151 [info] > git for-each-ref --sort -committerdate --format %(refname)%00%(objectname)%00%(*objectname) [7ms]
2026-04-27 10:49:17.200 [info] > git status -z -uall [62ms]
2026-04-27 10:50:00.577 [info] > git config --get commit.template [9ms]
2026-04-27 10:50:00.583 [info] > git for-each-ref --format %(refname)%00%(objectname)%00%(*objectname) refs/tags [8ms]
2026-04-27 10:50:00.609 [info] > git for-each-ref --sort -committerdate --format %(refname)%00%(objectname)%00%(*objectname) [7ms]
2026-04-27 10:50:00.667 [info] > git status -z -uall [75ms]
2026-04-27 10:50:05.703 [info] > git config --get commit.template [7ms]
2026-04-27 10:50:05.707 [info] > git for-each-ref --format %(refname)%00%(objectname)%00%(*objectname) refs/tags [5ms]
2026-04-27 10:50:05.726 [info] > git for-each-ref --sort -committerdate --format %(refname)%00%(objectname)%00%(*objectname) [7ms]
2026-04-27 10:50:05.777 [info] > git status -z -uall [64ms]
2026-04-27 10:50:10.821 [info] > git config --get commit.template [9ms]
2026-04-27 10:50:10.825 [info] > git for-each-ref --format %(refname)%00%(objectname)%00%(*objectname) refs/tags [4ms]
2026-04-27 10:50:10.845 [info] > git for-each-ref --sort -committerdate --format %(refname)%00%(objectname)%00%(*objectname) [8ms]
2026-04-27 10:50:10.896 [info] > git status -z -uall [66ms]
2026-04-27 10:53:56.711 [info] > git config --get commit.template [178ms]
2026-04-27 10:53:56.998 [info] > git for-each-ref --format %(refname)%00%(objectname)%00%(*objectname) refs/tags [428ms]
2026-04-27 10:53:57.100 [info] > git for-each-ref --sort -committerdate --format %(refname)%00%(objectname)%00%(*objectname) [84ms]
2026-04-27 10:54:02.665 [info] > git status -z -uall [5657ms]
2026-04-27 10:54:07.705 [info] > git config --get commit.template [8ms]
2026-04-27 10:54:07.709 [info] > git for-each-ref --format %(refname)%00%(objectname)%00%(*objectname) refs/tags [5ms]
2026-04-27 10:54:07.729 [info] > git for-each-ref --sort -committerdate --format %(refname)%00%(objectname)%00%(*objectname) [7ms]
2026-04-27 10:54:07.779 [info] > git status -z -uall [64ms]
2026-04-27 10:54:12.811 [info] > git config --get commit.template [7ms]
2026-04-27 10:54:12.815 [info] > git for-each-ref --format %(refname)%00%(objectname)%00%(*objectname) refs/tags [5ms]
2026-04-27 10:54:12.834 [info] > git for-each-ref --sort -committerdate --format %(refname)%00%(objectname)%00%(*objectname) [6ms]
2026-04-27 10:54:12.885 [info] > git status -z -uall [64ms]
2026-04-27 10:54:17.916 [info] > git config --get commit.template [8ms]
2026-04-27 10:54:17.920 [info] > git for-each-ref --format %(refname)%00%(objectname)%00%(*objectname) refs/tags [5ms]
2026-04-27 10:54:17.938 [info] > git for-each-ref --sort -committerdate --format %(refname)%00%(objectname)%00%(*objectname) [6ms]
2026-04-27 10:54:17.989 [info] > git status -z -uall [64ms]
2026-04-27 10:54:23.586 [info] > git config --get commit.template [10ms]
2026-04-27 10:54:23.588 [info] > git for-each-ref --format %(refname)%00%(objectname)%00%(*objectname) refs/tags [4ms]
2026-04-27 10:54:23.607 [info] > git for-each-ref --sort -committerdate --format %(refname)%00%(objectname)%00%(*objectname) [6ms]
2026-04-27 10:54:23.657 [info] > git status -z -uall [62ms]
2026-04-27 10:54:29.586 [info] > git config --get commit.template [8ms]
2026-04-27 10:54:29.590 [info] > git for-each-ref --format %(refname)%00%(objectname)%00%(*objectname) refs/tags [5ms]
2026-04-27 10:54:29.609 [info] > git for-each-ref --sort -committerdate --format %(refname)%00%(objectname)%00%(*objectname) [7ms]
2026-04-27 10:54:29.656 [info] > git status -z -uall [60ms]
