2026-04-25 16:37:03.831 [info] Reading sessions from keychain...
2026-04-25 16:37:03.831 [info] Getting sessions for all scopes...
2026-04-25 16:37:03.831 [info] Got 0 sessions for ...
2026-04-25 16:37:03.831 [info] Getting sessions for all scopes...
2026-04-25 16:37:03.831 [info] Got 0 sessions for ...
2026-04-25 16:37:03.831 [info] Getting sessions for all scopes...
2026-04-25 16:37:03.831 [info] Got 0 sessions for ...
2026-04-25 16:37:03.831 [info] Getting sessions for all scopes...
2026-04-25 16:37:03.831 [info] Got 0 sessions for ...
2026-04-25 16:37:03.851 [info] Getting sessions for all scopes...
2026-04-25 16:37:03.851 [info] Got 0 sessions for ...
2026-04-25 16:37:03.851 [info] Getting sessions for all scopes...
2026-04-25 16:37:03.851 [info] Got 0 sessions for ...
2026-04-25 16:37:03.851 [info] Getting sessions for all scopes...
2026-04-25 16:37:03.851 [info] Got 0 sessions for ...
2026-04-25 16:37:03.874 [info] Getting sessions for user:email...
2026-04-25 16:37:03.874 [info] Got 0 sessions for user:email...
2026-04-25 16:37:03.874 [info] Getting sessions for read:user,repo,user:email,workflow...
2026-04-25 16:37:03.874 [info] Got 0 sessions for read:user,repo,user:email,workflow...
2026-04-25 16:37:05.292 [info] Getting sessions for all scopes...
2026-04-25 16:37:05.292 [info] Got 0 sessions for ...
2026-04-25 16:37:05.292 [info] Getting sessions for all scopes...
2026-04-25 16:37:05.292 [info] Got 0 sessions for ...
2026-04-25 16:37:05.292 [info] Getting sessions for all scopes...
2026-04-25 16:37:05.292 [info] Got 0 sessions for ...
2026-04-25 16:37:05.239 [info] Getting sessions for user:email...
2026-04-25 16:37:05.239 [info] Got 0 sessions for user:email...
2026-04-25 16:37:05.239 [info] Getting sessions for read:user,repo,user:email,workflow...
2026-04-25 16:37:05.239 [info] Got 0 sessions for read:user,repo,user:email,workflow...
2026-04-25 16:37:05.338 [info] Getting sessions for all scopes...
2026-04-25 16:37:05.338 [info] Got 0 sessions for ...
2026-04-25 16:37:05.754 [info] Getting sessions for read:user,repo,user:email,workflow...
2026-04-25 16:37:05.754 [info] Got 0 sessions for read:user,repo,user:email,workflow...
2026-04-25 16:37:05.758 [info] Getting sessions for all scopes...
2026-04-25 16:37:05.758 [info] Got 0 sessions for ...
2026-04-25 16:37:05.778 [info] Getting sessions for all scopes...
2026-04-25 16:37:05.778 [info] Got 0 sessions for ...
2026-04-25 16:37:05.817 [info] Getting sessions for read:user,repo,user:email,workflow...
2026-04-25 16:37:05.817 [info] Got 0 sessions for read:user,repo,user:email,workflow...
2026-04-25 16:37:05.888 [info] Getting sessions for user:email...
2026-04-25 16:37:05.888 [info] Got 0 sessions for user:email...
2026-04-25 16:37:05.981 [info] Getting sessions for all scopes...
2026-04-25 16:37:05.982 [info] Got 0 sessions for ...
2026-04-25 16:37:05.982 [info] Getting sessions for all scopes...
2026-04-25 16:37:05.982 [info] Got 0 sessions for ...
2026-04-25 16:37:06.264 [info] Getting sessions for read:user,repo,user:email,workflow...
2026-04-25 16:37:06.264 [info] Got 0 sessions for read:user,repo,user:email,workflow...
2026-04-25 16:37:06.269 [info] Getting sessions for user:email...
2026-04-25 16:37:06.269 [info] Got 0 sessions for user:email...
2026-04-25 16:37:06.269 [info] Getting sessions for read:user,repo,user:email,workflow...
2026-04-25 16:37:06.269 [info] Got 0 sessions for read:user,repo,user:email,workflow...
2026-04-25 16:37:06.395 [info] Getting sessions for all scopes...
2026-04-25 16:37:06.395 [info] Got 0 sessions for ...
2026-04-25 16:37:06.425 [info] Getting sessions for all scopes...
2026-04-25 16:37:06.425 [info] Got 0 sessions for ...
2026-04-25 16:37:06.468 [info] Getting sessions for all scopes...
2026-04-25 16:37:06.468 [info] Got 0 sessions for ...
2026-04-25 16:37:06.471 [info] Getting sessions for read:user,repo,user:email,workflow...
2026-04-25 16:37:06.471 [info] Got 0 sessions for read:user,repo,user:email,workflow...
