2026-04-25 16:37:05.389 [info] [main] Log level: Info
2026-04-25 16:37:05.389 [info] [main] Validating found git in: "git"
2026-04-25 16:37:05.389 [info] [main] Using git "2.34.1" from "git"
2026-04-25 16:37:05.389 [info] [Model][doInitialScan] Initial repository scan started
2026-04-25 16:37:05.389 [info] > git rev-parse --show-toplevel [2ms]
2026-04-25 16:37:05.389 [info] > git rev-parse --git-dir --git-common-dir --show-superproject-working-tree [15ms]
2026-04-25 16:37:05.389 [info] [Model][openRepository] Opened repository (path): /home/guan/code-server-me
2026-04-25 16:37:05.389 [info] [Model][openRepository] Opened repository (real path): /home/guan/code-server-me
2026-04-25 16:37:05.389 [info] [Model][openRepository] Opened repository (kind): repository
2026-04-25 16:37:05.389 [info] > git rev-parse --show-toplevel [28ms]
2026-04-25 16:37:05.389 [info] > git config --get commit.template [35ms]
2026-04-25 16:37:05.405 [info] > git rev-parse --show-toplevel [8ms]
2026-04-25 16:37:05.413 [info] > git for-each-ref --format %(refname)%00%(objectname)%00%(*objectname) refs/tags [11ms]
2026-04-25 16:37:05.436 [info] > git rev-parse --show-toplevel [23ms]
2026-04-25 16:37:05.446 [info] > git for-each-ref --sort -committerdate --format %(refname)%00%(objectname)%00%(*objectname) [15ms]
2026-04-25 16:37:05.448 [info] > git rev-parse --show-toplevel [3ms]
2026-04-25 16:37:05.458 [info] > git rev-parse --show-toplevel [3ms]
2026-04-25 16:37:05.469 [info] > git rev-parse --show-toplevel [3ms]
2026-04-25 16:37:05.478 [info] > git rev-parse --show-toplevel [2ms]
2026-04-25 16:37:05.491 [info] > git rev-parse --show-toplevel [2ms]
2026-04-25 16:37:05.504 [info] > git rev-parse --show-toplevel [6ms]
2026-04-25 16:37:05.516 [info] > git status -z -uall [93ms]
2026-04-25 16:37:05.608 [info] > git rev-parse --show-toplevel [96ms]
2026-04-25 16:37:05.619 [info] > git config --get commit.template [11ms]
2026-04-25 16:37:05.630 [info] > git rev-parse --show-toplevel [14ms]
2026-04-25 16:37:05.184 [info] > git for-each-ref --format %(refname)%00%(objectname)%00%(*objectname) refs/tags [-444ms]
2026-04-25 16:37:05.198 [info] > git rev-parse --show-toplevel [15ms]
2026-04-25 16:37:05.209 [info] > git for-each-ref --sort -committerdate --format %(refname)%00%(objectname)%00%(*objectname) [13ms]
2026-04-25 16:37:05.210 [info] > git rev-parse --show-toplevel [2ms]
2026-04-25 16:37:05.218 [info] > git rev-parse --show-toplevel [2ms]
2026-04-25 16:37:05.231 [info] > git rev-parse --show-toplevel [6ms]
2026-04-25 16:37:05.240 [info] > git rev-parse --show-toplevel [3ms]
2026-04-25 16:37:05.248 [info] > git rev-parse --show-toplevel [1ms]
2026-04-25 16:37:05.261 [info] > git rev-parse --show-toplevel [4ms]
2026-04-25 16:37:05.286 [info] > git status -z -uall [96ms]
2026-04-25 16:37:05.287 [info] > git check-ignore -v -z --stdin [11ms]
2026-04-25 16:37:05.318 [info] > git rev-parse --show-toplevel [34ms]
2026-04-25 16:37:05.329 [info] > git rev-parse --show-toplevel [2ms]
2026-04-25 16:37:05.331 [info] [Model][doInitialScan] Initial repository scan completed - repositories (1), closed repositories (0), parent repositories (0), unsafe repositories (0)
2026-04-25 16:37:05.803 [info] > git rev-parse --show-toplevel [2ms]
2026-04-25 16:37:05.814 [info] > git rev-parse --git-dir --git-common-dir --show-superproject-working-tree [5ms]
2026-04-25 16:37:05.855 [info] [Model][openRepository] Opened repository (path): /home/guan/code-server-me/lib/vscode
2026-04-25 16:37:05.855 [info] [Model][openRepository] Opened repository (real path): /home/guan/code-server-me/lib/vscode
2026-04-25 16:37:05.855 [info] [Model][openRepository] Opened repository (kind): submodule
2026-04-25 16:37:05.877 [info] > git config --get commit.template [11ms]
2026-04-25 16:37:05.902 [info] > git for-each-ref --format %(refname)%00%(objectname)%00%(*objectname) refs/tags [27ms]
2026-04-25 16:37:06.018 [info] > git status -z -uall [107ms]
2026-04-25 16:37:06.060 [info] > git for-each-ref --sort -committerdate --format %(refname)%00%(objectname)%00%(*objectname) [138ms]
2026-04-25 16:37:06.166 [info] > git config --get commit.template [3ms]
2026-04-25 16:37:06.187 [info] > git for-each-ref --format %(refname)%00%(objectname)%00%(*objectname) refs/tags [13ms]
2026-04-25 16:37:06.288 [info] > git status -z -uall [91ms]
2026-04-25 16:37:06.312 [info] > git for-each-ref --sort -committerdate --format %(refname)%00%(objectname)%00%(*objectname) [105ms]
2026-04-25 16:37:06.395 [info] > git check-ignore -v -z --stdin [3ms]
2026-04-25 16:37:06.825 [info] > git rev-parse --show-toplevel [1ms]
2026-04-25 16:37:06.825 [info] fatal: this operation must be run in a work tree
